Archive member included to satisfy reference by file (symbol)

E:/stm32cubeide/STM32CubeIDE_1.16.0/STM32CubeIDE/plugins/com.st.stm32cube.ide.mcu.externaltools.gnu-tools-for-stm32.12.3.rel1.win32_1.0.200.202406191623/tools/bin/../lib/gcc/arm-none-eabi/12.3.1/../../../../arm-none-eabi/lib/thumb/v7-m/nofp\libc_nano.a(libc_a-exit.o)
                              E:/stm32cubeide/STM32CubeIDE_1.16.0/STM32CubeIDE/plugins/com.st.stm32cube.ide.mcu.externaltools.gnu-tools-for-stm32.12.3.rel1.win32_1.0.200.202406191623/tools/bin/../lib/gcc/arm-none-eabi/12.3.1/../../../../arm-none-eabi/lib/thumb/v7-m/nofp/crt0.o (exit)
E:/stm32cubeide/STM32CubeIDE_1.16.0/STM32CubeIDE/plugins/com.st.stm32cube.ide.mcu.externaltools.gnu-tools-for-stm32.12.3.rel1.win32_1.0.200.202406191623/tools/bin/../lib/gcc/arm-none-eabi/12.3.1/../../../../arm-none-eabi/lib/thumb/v7-m/nofp\libc_nano.a(libc_a-findfp.o)
                              E:/stm32cubeide/STM32CubeIDE_1.16.0/STM32CubeIDE/plugins/com.st.stm32cube.ide.mcu.externaltools.gnu-tools-for-stm32.12.3.rel1.win32_1.0.200.202406191623/tools/bin/../lib/gcc/arm-none-eabi/12.3.1/../../../../arm-none-eabi/lib/thumb/v7-m/nofp\libc_nano.a(libc_a-exit.o) (__stdio_exit_handler)
E:/stm32cubeide/STM32CubeIDE_1.16.0/STM32CubeIDE/plugins/com.st.stm32cube.ide.mcu.externaltools.gnu-tools-for-stm32.12.3.rel1.win32_1.0.200.202406191623/tools/bin/../lib/gcc/arm-none-eabi/12.3.1/../../../../arm-none-eabi/lib/thumb/v7-m/nofp\libc_nano.a(libc_a-fwalk.o)
                              E:/stm32cubeide/STM32CubeIDE_1.16.0/STM32CubeIDE/plugins/com.st.stm32cube.ide.mcu.externaltools.gnu-tools-for-stm32.12.3.rel1.win32_1.0.200.202406191623/tools/bin/../lib/gcc/arm-none-eabi/12.3.1/../../../../arm-none-eabi/lib/thumb/v7-m/nofp\libc_nano.a(libc_a-findfp.o) (_fwalk_sglue)
E:/stm32cubeide/STM32CubeIDE_1.16.0/STM32CubeIDE/plugins/com.st.stm32cube.ide.mcu.externaltools.gnu-tools-for-stm32.12.3.rel1.win32_1.0.200.202406191623/tools/bin/../lib/gcc/arm-none-eabi/12.3.1/../../../../arm-none-eabi/lib/thumb/v7-m/nofp\libc_nano.a(libc_a-sprintf.o)
                              ./Core/Src/command_parser.o (sprintf)
E:/stm32cubeide/STM32CubeIDE_1.16.0/STM32CubeIDE/plugins/com.st.stm32cube.ide.mcu.externaltools.gnu-tools-for-stm32.12.3.rel1.win32_1.0.200.202406191623/tools/bin/../lib/gcc/arm-none-eabi/12.3.1/../../../../arm-none-eabi/lib/thumb/v7-m/nofp\libc_nano.a(libc_a-stdio.o)
                              E:/stm32cubeide/STM32CubeIDE_1.16.0/STM32CubeIDE/plugins/com.st.stm32cube.ide.mcu.externaltools.gnu-tools-for-stm32.12.3.rel1.win32_1.0.200.202406191623/tools/bin/../lib/gcc/arm-none-eabi/12.3.1/../../../../arm-none-eabi/lib/thumb/v7-m/nofp\libc_nano.a(libc_a-findfp.o) (__sread)
E:/stm32cubeide/STM32CubeIDE_1.16.0/STM32CubeIDE/plugins/com.st.stm32cube.ide.mcu.externaltools.gnu-tools-for-stm32.12.3.rel1.win32_1.0.200.202406191623/tools/bin/../lib/gcc/arm-none-eabi/12.3.1/../../../../arm-none-eabi/lib/thumb/v7-m/nofp\libc_nano.a(libc_a-memset.o)
                              E:/stm32cubeide/STM32CubeIDE_1.16.0/STM32CubeIDE/plugins/com.st.stm32cube.ide.mcu.externaltools.gnu-tools-for-stm32.12.3.rel1.win32_1.0.200.202406191623/tools/bin/../lib/gcc/arm-none-eabi/12.3.1/../../../../arm-none-eabi/lib/thumb/v7-m/nofp/crt0.o (memset)
E:/stm32cubeide/STM32CubeIDE_1.16.0/STM32CubeIDE/plugins/com.st.stm32cube.ide.mcu.externaltools.gnu-tools-for-stm32.12.3.rel1.win32_1.0.200.202406191623/tools/bin/../lib/gcc/arm-none-eabi/12.3.1/../../../../arm-none-eabi/lib/thumb/v7-m/nofp\libc_nano.a(libc_a-closer.o)
                              E:/stm32cubeide/STM32CubeIDE_1.16.0/STM32CubeIDE/plugins/com.st.stm32cube.ide.mcu.externaltools.gnu-tools-for-stm32.12.3.rel1.win32_1.0.200.202406191623/tools/bin/../lib/gcc/arm-none-eabi/12.3.1/../../../../arm-none-eabi/lib/thumb/v7-m/nofp\libc_nano.a(libc_a-stdio.o) (_close_r)
E:/stm32cubeide/STM32CubeIDE_1.16.0/STM32CubeIDE/plugins/com.st.stm32cube.ide.mcu.externaltools.gnu-tools-for-stm32.12.3.rel1.win32_1.0.200.202406191623/tools/bin/../lib/gcc/arm-none-eabi/12.3.1/../../../../arm-none-eabi/lib/thumb/v7-m/nofp\libc_nano.a(libc_a-reent.o)
                              E:/stm32cubeide/STM32CubeIDE_1.16.0/STM32CubeIDE/plugins/com.st.stm32cube.ide.mcu.externaltools.gnu-tools-for-stm32.12.3.rel1.win32_1.0.200.202406191623/tools/bin/../lib/gcc/arm-none-eabi/12.3.1/../../../../arm-none-eabi/lib/thumb/v7-m/nofp\libc_nano.a(libc_a-closer.o) (errno)
E:/stm32cubeide/STM32CubeIDE_1.16.0/STM32CubeIDE/plugins/com.st.stm32cube.ide.mcu.externaltools.gnu-tools-for-stm32.12.3.rel1.win32_1.0.200.202406191623/tools/bin/../lib/gcc/arm-none-eabi/12.3.1/../../../../arm-none-eabi/lib/thumb/v7-m/nofp\libc_nano.a(libc_a-impure.o)
[...]
Memory Configuration

Name             Origin             Length             Attributes
RAM              0x20000000         0x00001000         xrw
FLASH            0x08000000         0x00008000         xr
*default*        0x00000000         0xffffffff

Linker script and memory map

LOAD E:/stm32cubeide/STM32CubeIDE_1.16.0/STM32CubeIDE/plugins/com.st.stm32cube.ide.mcu.externaltools.gnu-tools-for-stm32.12.3.rel1.win32_1.0.200.202406191623/tools/bin/../lib/gcc/arm-none-eabi/12.3.1/thumb/v7-m/nofp/crti.o
LOAD E:/stm32cubeide/STM32CubeIDE_1.16.0/STM32CubeIDE/plugins/com.st.stm32cube.ide.mcu.externaltools.gnu-tools-for-stm32.12.3.rel1.win32_1.0.200.202406191623/tools/bin/../lib/gcc/arm-none-eabi/12.3.1/thumb/v7-m/nofp/crtbegin.o
LOAD E:/stm32cubeide/STM32CubeIDE_1.16.0/STM32CubeIDE/plugins/com.st.stm32cube.ide.mcu.externaltools.gnu-tools-for-stm32.12.3.rel1.win32_1.0.200.202406191623/tools/bin/../lib/gcc/arm-none-eabi/12.3.1/../../../../arm-none-eabi/lib/thumb/v7-m/nofp/crt0.o
LOAD ./Core/Src/adc.o
LOAD ./Core/Src/command_parser.o
LOAD ./Core/Src/gpio.o
LOAD ./Core/Src/main.o
LOAD ./Core/Src/software_timer.o
LOAD ./Core/Src/software_uart.o
LOAD ./Core/Src/stm32f1xx_hal_msp.o
LOAD ./Core/Src/stm32f1xx_it.o
LOAD ./Core/Src/syscalls.o
LOAD ./Core/Src/sysmem.o
LOAD ./Core/Src/system_stm32f1xx.o
LOAD ./Core/Src/tim.o
LOAD ./Core/Src/usart.o
LOAD ./Core/Startup/startup_stm32f100c6tx.o
LOAD ./Drivers/STM32F1xx_HAL_Driver/Src/stm32f1xx_hal.o
LOAD ./Drivers/STM32F1xx_HAL_Driver/Src/stm32f1xx_hal_adc.o
LOAD ./Drivers/STM32F1xx_HAL_Driver/Src/stm32f1xx_hal_adc_ex.o
LOAD ./Drivers/STM32F1xx_HAL_Driver/Src/stm32f1xx_hal_cortex.o
LOAD ./Drivers/STM32F1xx_HAL_Driver/Src/stm32f1xx_hal_dma.o
LOAD ./Drivers/STM32F1xx_HAL_Driver/Src/stm32f1xx_hal_exti.o
LOAD ./Drivers/STM32F1xx_HAL_Driver/Src/stm32f1xx_hal_flash.o
LOAD ./Drivers/STM32F1xx_HAL_Driver/Src/stm32f1xx_hal_flash_ex.o
LOAD ./Drivers/STM32F1xx_HAL_Driver/Src/stm32f1xx_hal_gpio.o
LOAD ./Drivers/STM32F1xx_HAL_Driver/Src/stm32f1xx_hal_gpio_ex.o
LOAD ./Drivers/STM32F1xx_HAL_Driver/Src/stm32f1xx_hal_pwr.o
LOAD ./Drivers/STM32F1xx_HAL_Driver/Src/stm32f1xx_hal_rcc.o
LOAD ./Drivers/STM32F1xx_HAL_Driver/Src/stm32f1xx_hal_rcc_ex.o
LOAD ./Drivers/STM32F1xx_HAL_Driver/Src/stm32f1xx_hal_tim.o
LOAD ./Drivers/STM32F1xx_HAL_Driver/Src/stm32f1xx_hal_tim_ex.o
LOAD ./Drivers/STM32F1xx_HAL_Driver/Src/stm32f1xx_hal_uart.o
START GROUP
LOAD E:/stm32cubeide/STM32CubeIDE_1.16.0/STM32CubeIDE/plugins/com.st.stm32cube.ide.mcu.externaltools.gnu-tools-for-stm32.12.3.rel1.win32_1.0.200.202406191623/tools/bin/../lib/gcc/arm-none-eabi/12.3.1/../../../../arm-none-eabi/lib/thumb/v7-m/nofp\libc_nano.a
LOAD E:/stm32cubeide/STM32CubeIDE_1.16.0/STM32CubeIDE/plugins/com.st.stm32cube.ide.mcu.externaltools.gnu-tools-for-stm32.12.3.rel1.win32_1.0.200.202406191623/tools/bin/../lib/gcc/arm-none-eabi/12.3.1/../../../../arm-none-eabi/lib/thumb/v7-m/nofp\libm.a
END GROUP
START GROUP
LOAD E:/stm32cubeide/STM32CubeIDE_1.16.0/STM32CubeIDE/plugins/com.st.stm32cube.ide.mcu.externaltools.gnu-tools-for-stm32.12.3.rel1.win32_1.0.200.202406191623/tools/bin/../lib/gcc/arm-none-eabi/12.3.1/thumb/v7-m/nofp\libgcc.a
LOAD E:/stm32cubeide/STM32CubeIDE_1.16.0/STM32CubeIDE/plugins/com.st.stm32cube.ide.mcu.externaltools.gnu-tools-for-stm32.12.3.rel1.win32_1.0.200.202406191623/tools/bin/../lib/gcc/arm-none-eabi/12.3.1/../../../../arm-none-eabi/lib/thumb/v7-m/nofp\libc_nano.a
END GROUP
START GROUP
LOAD E:/stm32cubeide/STM32CubeIDE_1.16.0/STM32CubeIDE/plugins/com.st.stm32cube.ide.mcu.externaltools.gnu-tools-for-stm32.12.3.rel1.win32_1.0.200.202406191623/tools/bin/../lib/gcc/arm-none-eabi/12.3.1/thumb/v7-m/nofp\libgcc.a
LOAD E:/stm32cubeide/STM32CubeIDE_1.16.0/STM32CubeIDE/plugins/com.st.stm32cube.ide.mcu.externaltools.gnu-tools-for-stm32.12.3.rel1.win32_1.0.200.202406191623/tools/bin/../lib/gcc/arm-none-eabi/12.3.1/../../../../arm-none-eabi/lib/thumb/v7-m/nofp\libc_nano.a
LOAD E:/stm32cubeide/STM32CubeIDE_1.16.0/STM32CubeIDE/plugins/com.st.stm32cube.ide.mcu.externaltools.gnu-tools-for-stm32.12.3.rel1.win32_1.0.200.202406191623/tools/bin/../lib/gcc/arm-none-eabi/12.3.1/../../../../arm-none-eabi/lib/thumb/v7-m/nofp\libnosys.a
END GROUP
START GROUP
LOAD E:/stm32cubeide/STM32CubeIDE_1.16.0/STM32CubeIDE/plugins/com.st.stm32cube.ide.mcu.externaltools.gnu-tools-for-stm32.12.3.rel1.win32_1.0.200.202406191623/tools/bin/../lib/gcc/arm-none-eabi/12.3.1/thumb/v7-m/nofp\libgcc.a
LOAD E:/stm32cubeide/STM32CubeIDE_1.16.0/STM32CubeIDE/plugins/com.st.stm32cube.ide.mcu.externaltools.gnu-tools-for-stm32.12.3.rel1.win32_1.0.200.202406191623/tools/bin/../lib/gcc/arm-none-eabi/12.3.1/../../../../arm-none-eabi/lib/thumb/v7-m/nofp\libc_nano.a
LOAD E:/stm32cubeide/STM32CubeIDE_1.16.0/STM32CubeIDE/plugins/com.st.stm32cube.ide.mcu.externaltools.gnu-tools-for-stm32.12.3.rel1.win32_1.0.200.202406191623/tools/bin/../lib/gcc/arm-none-eabi/12.3.1/../../../../arm-none-eabi/lib/thumb/v7-m/nofp\libnosys.a
END GROUP
LOAD E:/stm32cubeide/STM32CubeIDE_1.16.0/STM32CubeIDE/plugins/com.st.stm32cube.ide.mcu.externaltools.gnu-tools-for-stm32.12.3.rel1.win32_1.0.200.202406191623/tools/bin/../lib/gcc/arm-none-eabi/12.3.1/thumb/v7-m/nofp/crtend.o
LOAD E:/stm32cubeide/STM32CubeIDE_1.16.0/STM32CubeIDE/plugins/com.st.stm32cube.ide.mcu.externaltools.gnu-tools-for-stm32.12.3.rel1.win32_1.0.200.202406191623/tools/bin/../lib/gcc/arm-none-eabi/12.3.1/thumb/v7-m/nofp/crtn.o
                0x20001000                        _estack = (ORIGIN (RAM) + LENGTH (RAM))
                0x00000200                        _Min_Heap_Size = 0x200
                0x00000400                        _Min_Stack_Size = 0x400

.isr_vector     0x08000000      0x1d0
                0x08000000                        . = ALIGN (0x4)
 *(.isr_vector)
 .isr_vector    0x08000000      0x1d0 ./Core/Startup/startup_stm32f100c6tx.o
                0x08000000                g_pfnVectors
                0x080001d0                        . = ALIGN (0x4)

.text           0x080001d0     0x3f9c
                0x080001d0                        . = ALIGN (0x4)
 *(.text)
 .text          0x080001d0       0x40 E:/stm32cubeide/STM32CubeIDE_1.16.0/STM32CubeIDE/plugins/com.st.stm32cube.ide.mcu.externaltools.gnu-tools-for-stm32.12.3.rel1.win32_1.0.200.202406191623/tools/bin/../lib/gcc/arm-none-eabi/12.3.1/thumb/v7-m/nofp/crtbegin.o
 *(.text*)
 .text.MX_ADC1_Init
                0x08000210       0x7c ./Core/Src/adc.o
                0x08000210                MX_ADC1_Init
 .text.HAL_ADC_MspInit
                0x0800028c       0x78 ./Core/Src/adc.o
                0x0800028c                HAL_ADC_MspInit
 .text.Init_Parser
                0x08000304       0x28 ./Core/Src/command_parser.o
                0x08000304                Init_Parser
 .text.command_parser_fsm
                0x0800032c      0x174 ./Core/Src/command_parser.o
                0x0800032c                command_parser_fsm
 .text.uart_communication_fsm
                0x080004a0      0x130 ./Core/Src/command_parser.o
                0x080004a0                uart_communication_fsm
 .text.MX_GPIO_Init
                0x080005d0       0x2c ./Core/Src/gpio.o
                0x080005d0                MX_GPIO_Init
 .text.main     0x080005fc       0x6c ./Core/Src/main.o
                0x080005fc                main
 .text.SystemClock_Config
                0x08000668       0x9e ./Core/Src/main.o
                0x08000668                SystemClock_Config
 .text.Error_Handler
                0x08000706        0xc ./Core/Src/main.o
                0x08000706                Error_Handler
 *fill*         0x08000712        0x2 
 .text.timer_init
                0x08000714       0x14 ./Core/Src/software_timer.o
                0x08000714                timer_init
 .text.setTimer
                0x08000728       0x58 ./Core/Src/software_timer.o
                0x08000728                setTimer
 .text.timer_run
                0x08000780       0x64 ./Core/Src/software_timer.o
                0x08000780                timer_run
 .text.HAL_TIM_PeriodElapsedCallback
                0x080007e4       0x36 ./Core/Src/software_timer.o
                0x080007e4                HAL_TIM_PeriodElapsedCallback
 *fill*         0x0800081a        0x2 
 .text.UART_StartReceive
                0x0800081c       0x20 ./Core/Src/software_uart.o
                0x0800081c                UART_StartReceive
 .text.HAL_UART_RxCpltCallback
                0x0800083c       0x64 ./Core/Src/software_uart.o
                0x0800083c                HAL_UART_RxCpltCallback
 .text.HAL_MspInit
                0x080008a0       0x64 ./Core/Src/stm32f1xx_hal_msp.o
                0x080008a0                HAL_MspInit
 .text.NMI_Handler
                0x08000904        0x8 ./Core/Src/stm32f1xx_it.o
                0x08000904                NMI_Handler
 .text.HardFault_Handler
                0x0800090c        0x8 ./Core/Src/stm32f1xx_it.o
                0x0800090c                HardFault_Handler
 .text.MemManage_Handler
                0x08000914        0x8 ./Core/Src/stm32f1xx_it.o
                0x08000914                MemManage_Handler
 .text.BusFault_Handler
                0x0800091c        0x8 ./Core/Src/stm32f1xx_it.o
                0x0800091c                BusFault_Handler
 .text.UsageFault_Handler
                0x08000924        0x8 ./Core/Src/stm32f1xx_it.o
                0x08000924                UsageFault_Handler
 .text.SVC_Handler
                0x0800092c        0xc ./Core/Src/stm32f1xx_it.o
                0x0800092c                SVC_Handler
 .text.DebugMon_Handler
                0x08000938        0xc ./Core/Src/stm32f1xx_it.o
                0x08000938                DebugMon_Handler
 .text.PendSV_Handler
                0x08000944        0xc ./Core/Src/stm32f1xx_it.o
                0x08000944                PendSV_Handler
 .text.SysTick_Handler
                0x08000950        0xc ./Core/Src/stm32f1xx_it.o
                0x08000950                SysTick_Handler
 .text.TIM2_IRQHandler
                0x0800095c       0x14 ./Core/Src/stm32f1xx_it.o
                0x0800095c                TIM2_IRQHandler
 .text.USART2_IRQHandler
                0x08000970       0x14 ./Core/Src/stm32f1xx_it.o
                0x08000970                USART2_IRQHandler
 .text._sbrk    0x08000984       0x6c ./Core/Src/sysmem.o
                0x08000984                _sbrk
 .text.SystemInit
                0x080009f0        0xc ./Core/Src/system_stm32f1xx.o
                0x080009f0                SystemInit
 .text.MX_TIM2_Init
                0x080009fc       0x98 ./Core/Src/tim.o
                0x080009fc                MX_TIM2_Init
 .text.HAL_TIM_Base_MspInit
                0x08000a94       0x48 ./Core/Src/tim.o
                0x08000a94                HAL_TIM_Base_MspInit
 .text.MX_USART2_UART_Init
                0x08000adc       0x54 ./Core/Src/usart.o
                0x08000adc                MX_USART2_UART_Init
 .text.HAL_UART_MspInit
                0x08000b30       0xa4 ./Core/Src/usart.o
                0x08000b30                HAL_UART_MspInit
 .text.Reset_Handler
                0x08000bd4       0x48 ./Core/Startup/startup_stm32f100c6tx.o
                0x08000bd4                Reset_Handler
 .text.Default_Handler
                0x08000c1c        0x2 ./Core/Startup/startup_stm32f100c6tx.o
                0x08000c1c                RTC_Alarm_IRQHandler
                0x08000c1c                EXTI2_IRQHandler
                0x08000c1c                TIM1_CC_IRQHandler
                0x08000c1c                PVD_IRQHandler
                0x08000c1c                EXTI3_IRQHandler
                0x08000c1c                EXTI0_IRQHandler
                0x08000c1c                TIM1_UP_TIM16_IRQHandler
                0x08000c1c                SPI1_IRQHandler
                0x08000c1c                TAMPER_IRQHandler
                0x08000c1c                TIM6_DAC_IRQHandler
                0x08000c1c                DMA1_Channel4_IRQHandler
                0x08000c1c                ADC1_IRQHandler
                0x08000c1c                USART3_IRQHandler
                0x08000c1c                RTC_IRQHandler
                0x08000c1c                DMA1_Channel7_IRQHandler
                0x08000c1c                TIM4_IRQHandler
                0x08000c1c                I2C1_EV_IRQHandler
                0x08000c1c                DMA1_Channel6_IRQHandler
                0x08000c1c                TIM3_IRQHandler
                0x08000c1c                RCC_IRQHandler
                0x08000c1c                DMA1_Channel1_IRQHandler
                0x08000c1c                Default_Handler
                0x08000c1c                CEC_IRQHandler
                0x08000c1c                EXTI15_10_IRQHandler
                0x08000c1c                TIM7_IRQHandler
                0x08000c1c                EXTI9_5_IRQHandler
                0x08000c1c                SPI2_IRQHandler
                0x08000c1c                DMA1_Channel5_IRQHandler
                0x08000c1c                EXTI4_IRQHandler
                0x08000c1c                TIM1_TRG_COM_TIM17_IRQHandler
                0x08000c1c                DMA1_Channel3_IRQHandler
                0x08000c1c                WWDG_IRQHandler
                0x08000c1c                EXTI1_IRQHandler
                0x08000c1c                DMA1_Channel2_IRQHandler
                0x08000c1c                FLASH_IRQHandler
                0x08000c1c                USART1_IRQHandler
                0x08000c1c                I2C1_ER_IRQHandler
                0x08000c1c                TIM1_BRK_TIM15_IRQHandler
 .text.HAL_Init
                0x08000c1e       0x1a ./Drivers/STM32F1xx_HAL_Driver/Src/stm32f1xx_hal.o
                0x08000c1e                HAL_Init
 .text.HAL_InitTick
                0x08000c38       0x60 ./Drivers/STM32F1xx_HAL_Driver/Src/stm32f1xx_hal.o
                0x08000c38                HAL_InitTick
 .text.HAL_IncTick
                0x08000c98       0x24 ./Drivers/STM32F1xx_HAL_Driver/Src/stm32f1xx_hal.o
                0x08000c98                HAL_IncTick
 .text.HAL_GetTick
                0x08000cbc       0x14 ./Drivers/STM32F1xx_HAL_Driver/Src/stm32f1xx_hal.o
                0x08000cbc                HAL_GetTick
 .text.HAL_ADC_Init
                0x08000cd0      0x1b0 ./Drivers/STM32F1xx_HAL_Driver/Src/stm32f1xx_hal_adc.o
                0x08000cd0                HAL_ADC_Init
 .text.HAL_ADC_Start
                0x08000e80       0xe8 ./Drivers/STM32F1xx_HAL_Driver/Src/stm32f1xx_hal_adc.o
                0x08000e80                HAL_ADC_Start
 .text.HAL_ADC_GetValue
                0x08000f68       0x18 ./Drivers/STM32F1xx_HAL_Driver/Src/stm32f1xx_hal_adc.o
                0x08000f68                HAL_ADC_GetValue
 .text.HAL_ADC_ConfigChannel
                0x08000f80      0x1f0 ./Drivers/STM32F1xx_HAL_Driver/Src/stm32f1xx_hal_adc.o
                0x08000f80                HAL_ADC_ConfigChannel
 .text.ADC_Enable
                0x08001170       0xb4 ./Drivers/STM32F1xx_HAL_Driver/Src/stm32f1xx_hal_adc.o
                0x08001170                ADC_Enable
 .text.ADC_ConversionStop_Disable
                0x08001224       0x82 ./Drivers/STM32F1xx_HAL_Driver/Src/stm32f1xx_hal_adc.o
                0x08001224                ADC_ConversionStop_Disable
 *fill*         0x080012a6        0x2 
 .text.__NVIC_SetPriorityGrouping
                0x080012a8       0x48 ./Drivers/STM32F1xx_HAL_Driver/Src/stm32f1xx_hal_cortex.o
 .text.__NVIC_GetPriorityGrouping
                0x080012f0       0x1c ./Drivers/STM32F1xx_HAL_Driver/Src/stm32f1xx_hal_cortex.o
 .text.__NVIC_EnableIRQ
                0x0800130c       0x38 ./Drivers/STM32F1xx_HAL_Driver/Src/stm32f1xx_hal_cortex.o
 .text.__NVIC_SetPriority
                0x08001344       0x54 ./Drivers/STM32F1xx_HAL_Driver/Src/stm32f1xx_hal_cortex.o
 .text.NVIC_EncodePriority
                0x08001398       0x64 ./Drivers/STM32F1xx_HAL_Driver/Src/stm32f1xx_hal_cortex.o
 .text.SysTick_Config
                0x080013fc       0x44 ./Drivers/STM32F1xx_HAL_Driver/Src/stm32f1xx_hal_cortex.o
 .text.HAL_NVIC_SetPriorityGrouping
                0x08001440       0x16 ./Drivers/STM32F1xx_HAL_Driver/Src/stm32f1xx_hal_cortex.o
                0x08001440                HAL_NVIC_SetPriorityGrouping
 .text.HAL_NVIC_SetPriority
                0x08001456       0x38 ./Drivers/STM32F1xx_HAL_Driver/Src/stm32f1xx_hal_cortex.o
                0x08001456                HAL_NVIC_SetPriority
 .text.HAL_NVIC_EnableIRQ
                0x0800148e       0x1c ./Drivers/STM32F1xx_HAL_Driver/Src/stm32f1xx_hal_cortex.o
                0x0800148e                HAL_NVIC_EnableIRQ
 .text.HAL_SYSTICK_Config
                0x080014aa       0x18 ./Drivers/STM32F1xx_HAL_Driver/Src/stm32f1xx_hal_cortex.o
                0x080014aa                HAL_SYSTICK_Config
 .text.HAL_DMA_Abort
                0x080014c2       0x76 ./Drivers/STM32F1xx_HAL_Driver/Src/stm32f1xx_hal_dma.o
                0x080014c2                HAL_DMA_Abort
 .text.HAL_DMA_Abort_IT
                0x08001538       0xf0 ./Drivers/STM32F1xx_HAL_Driver/Src/stm32f1xx_hal_dma.o
                0x08001538                HAL_DMA_Abort_IT
 .text.HAL_GPIO_Init
                0x08001628      0x308 ./Drivers/STM32F1xx_HAL_Driver/Src/stm32f1xx_hal_gpio.o
                0x08001628                HAL_GPIO_Init
 .text.HAL_RCC_OscConfig
                0x08001930      0x504 ./Drivers/STM32F1xx_HAL_Driver/Src/stm32f1xx_hal_rcc.o
                0x08001930                HAL_RCC_OscConfig
 .text.HAL_RCC_ClockConfig
                0x08001e34      0x170 ./Drivers/STM32F1xx_HAL_Driver/Src/stm32f1xx_hal_rcc.o
                0x08001e34                HAL_RCC_ClockConfig
 .text.HAL_RCC_GetSysClockFreq
                0x08001fa4       0xa4 ./Drivers/STM32F1xx_HAL_Driver/Src/stm32f1xx_hal_rcc.o
                0x08001fa4                HAL_RCC_GetSysClockFreq
 .text.HAL_RCC_GetHCLKFreq
                0x08002048       0x14 ./Drivers/STM32F1xx_HAL_Driver/Src/stm32f1xx_hal_rcc.o
                0x08002048                HAL_RCC_GetHCLKFreq
 .text.HAL_RCC_GetPCLK1Freq
                0x0800205c       0x28 ./Drivers/STM32F1xx_HAL_Driver/Src/stm32f1xx_hal_rcc.o
                0x0800205c                HAL_RCC_GetPCLK1Freq
 .text.HAL_RCC_GetPCLK2Freq
                0x08002084       0x28 ./Drivers/STM32F1xx_HAL_Driver/Src/stm32f1xx_hal_rcc.o
                0x08002084                HAL_RCC_GetPCLK2Freq
 .text.RCC_Delay
                0x080020ac       0x3c ./Drivers/STM32F1xx_HAL_Driver/Src/stm32f1xx_hal_rcc.o
 .text.HAL_RCCEx_PeriphCLKConfig
                0x080020e8      0x14c ./Drivers/STM32F1xx_HAL_Driver/Src/stm32f1xx_hal_rcc_ex.o
                0x080020e8                HAL_RCCEx_PeriphCLKConfig
 .text.HAL_TIM_Base_Init
                0x08002234       0x9e ./Drivers/STM32F1xx_HAL_Driver/Src/stm32f1xx_hal_tim.o
                0x08002234                HAL_TIM_Base_Init
 *fill*         0x080022d2        0x2 
 .text.HAL_TIM_Base_Start_IT
                0x080022d4       0xb4 ./Drivers/STM32F1xx_HAL_Driver/Src/stm32f1xx_hal_tim.o
                0x080022d4                HAL_TIM_Base_Start_IT
 .text.HAL_TIM_IRQHandler
                0x08002388      0x1e0 ./Drivers/STM32F1xx_HAL_Driver/Src/stm32f1xx_hal_tim.o
                0x08002388                HAL_TIM_IRQHandler
 .text.HAL_TIM_ConfigClockSource
                0x08002568      0x18e ./Drivers/STM32F1xx_HAL_Driver/Src/stm32f1xx_hal_tim.o
                0x08002568                HAL_TIM_ConfigClockSource
 .text.HAL_TIM_OC_DelayElapsedCallback
                0x080026f6       0x12 ./Drivers/STM32F1xx_HAL_Driver/Src/stm32f1xx_hal_tim.o
                0x080026f6                HAL_TIM_OC_DelayElapsedCallback
 .text.HAL_TIM_IC_CaptureCallback
                0x08002708       0x12 ./Drivers/STM32F1xx_HAL_Driver/Src/stm32f1xx_hal_tim.o
                0x08002708                HAL_TIM_IC_CaptureCallback
 .text.HAL_TIM_PWM_PulseFinishedCallback
                0x0800271a       0x12 ./Drivers/STM32F1xx_HAL_Driver/Src/stm32f1xx_hal_tim.o
                0x0800271a                HAL_TIM_PWM_PulseFinishedCallback
 .text.HAL_TIM_TriggerCallback
                0x0800272c       0x12 ./Drivers/STM32F1xx_HAL_Driver/Src/stm32f1xx_hal_tim.o
                0x0800272c                HAL_TIM_TriggerCallback
 *fill*         0x0800273e        0x2 
 .text.TIM_Base_SetConfig
                0x08002740      0x118 ./Drivers/STM32F1xx_HAL_Driver/Src/stm32f1xx_hal_tim.o
                0x08002740                TIM_Base_SetConfig
 .text.TIM_TI1_ConfigInputStage
                0x08002858       0x5c ./Drivers/STM32F1xx_HAL_Driver/Src/stm32f1xx_hal_tim.o
 .text.TIM_TI2_ConfigInputStage
                0x080028b4       0x5e ./Drivers/STM32F1xx_HAL_Driver/Src/stm32f1xx_hal_tim.o
 .text.TIM_ITRx_SetConfig
                0x08002912       0x34 ./Drivers/STM32F1xx_HAL_Driver/Src/stm32f1xx_hal_tim.o
 .text.TIM_ETR_SetConfig
                0x08002946       0x3e ./Drivers/STM32F1xx_HAL_Driver/Src/stm32f1xx_hal_tim.o
                0x08002946                TIM_ETR_SetConfig
 .text.HAL_TIMEx_MasterConfigSynchronization
                0x08002984       0xcc ./Drivers/STM32F1xx_HAL_Driver/Src/stm32f1xx_hal_tim_ex.o
                0x08002984                HAL_TIMEx_MasterConfigSynchronization
 .text.HAL_TIMEx_CommutCallback
                0x08002a50       0x12 ./Drivers/STM32F1xx_HAL_Driver/Src/stm32f1xx_hal_tim_ex.o
                0x08002a50                HAL_TIMEx_CommutCallback
 .text.HAL_TIMEx_BreakCallback
                0x08002a62       0x12 ./Drivers/STM32F1xx_HAL_Driver/Src/stm32f1xx_hal_tim_ex.o
                0x08002a62                HAL_TIMEx_BreakCallback
 .text.HAL_UART_Init
                0x08002a74       0xa0 ./Drivers/STM32F1xx_HAL_Driver/Src/stm32f1xx_hal_uart.o
                0x08002a74                HAL_UART_Init
 .text.HAL_UART_Transmit
                0x08002b14      0x116 ./Drivers/STM32F1xx_HAL_Driver/Src/stm32f1xx_hal_uart.o
                0x08002b14                HAL_UART_Transmit
 .text.HAL_UART_Receive_IT
                0x08002c2a       0x4a ./Drivers/STM32F1xx_HAL_Driver/Src/stm32f1xx_hal_uart.o
                0x08002c2a                HAL_UART_Receive_IT
 .text.HAL_UART_IRQHandler
                0x08002c74      0x524 ./Drivers/STM32F1xx_HAL_Driver/Src/stm32f1xx_hal_uart.o
                0x08002c74                HAL_UART_IRQHandler
 .text.HAL_UART_TxCpltCallback
                0x08003198       0x12 ./Drivers/STM32F1xx_HAL_Driver/Src/stm32f1xx_hal_uart.o
                0x08003198                HAL_UART_TxCpltCallback
 .text.HAL_UART_ErrorCallback
                0x080031aa       0x12 ./Drivers/STM32F1xx_HAL_Driver/Src/stm32f1xx_hal_uart.o
                0x080031aa                HAL_UART_ErrorCallback
 .text.HAL_UARTEx_RxEventCallback
                0x080031bc       0x16 ./Drivers/STM32F1xx_HAL_Driver/Src/stm32f1xx_hal_uart.o
                0x080031bc                HAL_UARTEx_RxEventCallback
 .text.UART_WaitOnFlagUntilTimeout
                0x080031d2       0xb2 ./Drivers/STM32F1xx_HAL_Driver/Src/stm32f1xx_hal_uart.o
 .text.UART_Start_Receive_IT
                0x08003284       0x72 ./Drivers/STM32F1xx_HAL_Driver/Src/stm32f1xx_hal_uart.o
                0x08003284                UART_Start_Receive_IT
 .text.UART_EndRxTransfer
                0x080032f6       0xc4 ./Drivers/STM32F1xx_HAL_Driver/Src/stm32f1xx_hal_uart.o
 .text.UART_DMAAbortOnError
                0x080033ba       0x28 ./Drivers/STM32F1xx_HAL_Driver/Src/stm32f1xx_hal_uart.o
 .text.UART_Transmit_IT
                0x080033e2       0x9e ./Drivers/STM32F1xx_HAL_Driver/Src/stm32f1xx_hal_uart.o
 .text.UART_EndTransmit_IT
                0x08003480       0x30 ./Drivers/STM32F1xx_HAL_Driver/Src/stm32f1xx_hal_uart.o
 .text.UART_Receive_IT
                0x080034b0      0x17c ./Drivers/STM32F1xx_HAL_Driver/Src/stm32f1xx_hal_uart.o
 .text.UART_SetConfig
                0x0800362c      0x1c8 ./Drivers/STM32F1xx_HAL_Driver/Src/stm32f1xx_hal_uart.o
 .text.sprintf  0x080037f4       0x40 E:/stm32cubeide/STM32CubeIDE_1.16.0/STM32CubeIDE/plugins/com.st.stm32cube.ide.mcu.externaltools.gnu-tools-for-stm32.12.3.rel1.win32_1.0.200.202406191623/tools/bin/../lib/gcc/arm-none-eabi/12.3.1/../../../../arm-none-eabi/lib/thumb/v7-m/nofp\libc_nano.a(libc_a-sprintf.o)
                0x080037f4                siprintf
                0x080037f4                sprintf
 .text.memset   0x08003834       0x10 E:/stm32cubeide/STM32CubeIDE_1.16.0/STM32CubeIDE/plugins/com.st.stm32cube.ide.mcu.externaltools.gnu-tools-for-stm32.12.3.rel1.win32_1.0.200.202406191623/tools/bin/../lib/gcc/arm-none-eabi/12.3.1/../../../../arm-none-eabi/lib/thumb/v7-m/nofp\libc_nano.a(libc_a-memset.o)
                0x08003834                memset
 .text.__errno  0x08003844        0xc E:/stm32cubeide/STM32CubeIDE_1.16.0/STM32CubeIDE/plugins/com.st.stm32cube.ide.mcu.externaltools.gnu-tools-for-stm32.12.3.rel1.win32_1.0.200.202406191623/tools/bin/../lib/gcc/arm-none-eabi/12.3.1/../../../../arm-none-eabi/lib/thumb/v7-m/nofp\libc_nano.a(libc_a-errno.o)
                0x08003844                __errno
 .text.__libc_init_array
                0x08003850       0x48 E:/stm32cubeide/STM32CubeIDE_1.16.0/STM32CubeIDE/plugins/com.st.stm32cube.ide.mcu.externaltools.gnu-tools-for-stm32.12.3.rel1.win32_1.0.200.202406191623/tools/bin/../lib/gcc/arm-none-eabi/12.3.1/../../../../arm-none-eabi/lib/thumb/v7-m/nofp\libc_nano.a(libc_a-init.o)
                0x08003850                __libc_init_array
 .text.__retarget_lock_acquire_recursive
                0x08003898        0x2 E:/stm32cubeide/STM32CubeIDE_1.16.0/STM32CubeIDE/plugins/com.st.stm32cube.ide.mcu.externaltools.gnu-tools-for-stm32.12.3.rel1.win32_1.0.200.202406191623/tools/bin/../lib/gcc/arm-none-eabi/12.3.1/../../../../arm-none-eabi/lib/thumb/v7-m/nofp\libc_nano.a(libc_a-lock.o)
                0x08003898                __retarget_lock_acquire_recursive
 .text.__retarget_lock_release_recursive
                0x0800389a        0x2 E:/stm32cubeide/STM32CubeIDE_1.16.0/STM32CubeIDE/plugins/com.st.stm32cube.ide.mcu.externaltools.gnu-tools-for-stm32.12.3.rel1.win32_1.0.200.202406191623/tools/bin/../lib/gcc/arm-none-eabi/12.3.1/../../../../arm-none-eabi/lib/thumb/v7-m/nofp\libc_nano.a(libc_a-lock.o)
                0x0800389a                __retarget_lock_release_recursive
 .text._free_r  0x0800389c       0x90 E:/stm32cubeide/STM32CubeIDE_1.16.0/STM32CubeIDE/plugins/com.st.stm32cube.ide.mcu.externaltools.gnu-tools-for-stm32.12.3.rel1.win32_1.0.200.202406191623/tools/bin/../lib/gcc/arm-none-eabi/12.3.1/../../../../arm-none-eabi/lib/thumb/v7-m/nofp\libc_nano.a(libc_a-freer.o)
                0x0800389c                _free_r
 .text.sbrk_aligned
                0x0800392c       0x44 E:/stm32cubeide/STM32CubeIDE_1.16.0/STM32CubeIDE/plugins/com.st.stm32cube.ide.mcu.externaltools.gnu-tools-for-stm32.12.3.rel1.win32_1.0.200.202406191623/tools/bin/../lib/gcc/arm-none-eabi/12.3.1/../../../../arm-none-eabi/lib/thumb/v7-m/nofp\libc_nano.a(libc_a-mallocr.o)
 .text._malloc_r
                0x08003970      0x100 E:/stm32cubeide/STM32CubeIDE_1.16.0/STM32CubeIDE/plugins/com.st.stm32cube.ide.mcu.externaltools.gnu-tools-for-stm32.12.3.rel1.win32_1.0.200.202406191623/tools/bin/../lib/gcc/arm-none-eabi/12.3.1/../../../../arm-none-eabi/lib/thumb/v7-m/nofp\libc_nano.a(libc_a-mallocr.o)
                0x08003970                _malloc_r
 .text.__malloc_lock
                0x08003a70        0xc E:/stm32cubeide/STM32CubeIDE_1.16.0/STM32CubeIDE/plugins/com.st.stm32cube.ide.mcu.externaltools.gnu-tools-for-stm32.12.3.rel1.win32_1.0.200.202406191623/tools/bin/../lib/gcc/arm-none-eabi/12.3.1/../../../../arm-none-eabi/lib/thumb/v7-m/nofp\libc_nano.a(libc_a-mlock.o)
                0x08003a70                __malloc_lock
 .text.__malloc_unlock
                0x08003a7c        0xc E:/stm32cubeide/STM32CubeIDE_1.16.0/STM32CubeIDE/plugins/com.st.stm32cube.ide.mcu.externaltools.gnu-tools-for-stm32.12.3.rel1.win32_1.0.200.202406191623/tools/bin/../lib/gcc/arm-none-eabi/12.3.1/../../../../arm-none-eabi/lib/thumb/v7-m/nofp\libc_nano.a(libc_a-mlock.o)
                0x08003a7c                __malloc_unlock
 .text.__ssputs_r
                0x08003a88       0xb6 E:/stm32cubeide/STM32CubeIDE_1.16.0/STM32CubeIDE/plugins/com.st.stm32cube.ide.mcu.externaltools.gnu-tools-for-stm32.12.3.rel1.win32_1.0.200.202406191623/tools/bin/../lib/gcc/arm-none-eabi/12.3.1/../../../../arm-none-eabi/lib/thumb/v7-m/nofp\libc_nano.a(libc_a-nano-svfprintf.o)
                0x08003a88                __ssputs_r
 *fill*         0x08003b3e        0x2 
 .text._svfprintf_r
                0x08003b40      0x1f8 E:/stm32cubeide/STM32CubeIDE_1.16.0/STM32CubeIDE/plugins/com.st.stm32cube.ide.mcu.externaltools.gnu-tools-for-stm32.12.3.rel1.win32_1.0.200.202406191623/tools/bin/../lib/gcc/arm-none-eabi/12.3.1/../../../../arm-none-eabi/lib/thumb/v7-m/nofp\libc_nano.a(libc_a-nano-svfprintf.o)
                0x08003b40                _svfiprintf_r
                0x08003b40                _svfprintf_r
 .text._printf_common
                0x08003d38       0xe4 E:/stm32cubeide/STM32CubeIDE_1.16.0/STM32CubeIDE/plugins/com.st.stm32cube.ide.mcu.externaltools.gnu-tools-for-stm32.12.3.rel1.win32_1.0.200.202406191623/tools/bin/../lib/gcc/arm-none-eabi/12.3.1/../../../../arm-none-eabi/lib/thumb/v7-m/nofp\libc_nano.a(libc_a-nano-vfprintf_i.o)
                0x08003d38                _printf_common
 .text._printf_i
                0x08003e1c      0x240 E:/stm32cubeide/STM32CubeIDE_1.16.0/STM32CubeIDE/plugins/com.st.stm32cube.ide.mcu.externaltools.gnu-tools-for-stm32.12.3.rel1.win32_1.0.200.202406191623/tools/bin/../lib/gcc/arm-none-eabi/12.3.1/../../../../arm-none-eabi/lib/thumb/v7-m/nofp\libc_nano.a(libc_a-nano-vfprintf_i.o)
                0x08003e1c                _printf_i
 .text.memmove  0x0800405c       0x34 E:/stm32cubeide/STM32CubeIDE_1.16.0/STM32CubeIDE/plugins/com.st.stm32cube.ide.mcu.externaltools.gnu-tools-for-stm32.12.3.rel1.win32_1.0.200.202406191623/tools/bin/../lib/gcc/arm-none-eabi/12.3.1/../../../../arm-none-eabi/lib/thumb/v7-m/nofp\libc_nano.a(libc_a-memmove.o)
                0x0800405c                memmove
 .text._sbrk_r  0x08004090       0x20 E:/stm32cubeide/STM32CubeIDE_1.16.0/STM32CubeIDE/plugins/com.st.stm32cube.ide.mcu.externaltools.gnu-tools-for-stm32.12.3.rel1.win32_1.0.200.202406191623/tools/bin/../lib/gcc/arm-none-eabi/12.3.1/../../../../arm-none-eabi/lib/thumb/v7-m/nofp\libc_nano.a(libc_a-sbrkr.o)
                0x08004090                _sbrk_r
 .text.memchr   0x080040b0       0x1c E:/stm32cubeide/STM32CubeIDE_1.16.0/STM32CubeIDE/plugins/com.st.stm32cube.ide.mcu.externaltools.gnu-tools-for-stm32.12.3.rel1.win32_1.0.200.202406191623/tools/bin/../lib/gcc/arm-none-eabi/12.3.1/../../../../arm-none-eabi/lib/thumb/v7-m/nofp\libc_nano.a(libc_a-memchr-stub.o)
                0x080040b0                memchr
 .text.memcpy   0x080040cc       0x1c E:/stm32cubeide/STM32CubeIDE_1.16.0/STM32CubeIDE/plugins/com.st.stm32cube.ide.mcu.externaltools.gnu-tools-for-stm32.12.3.rel1.win32_1.0.200.202406191623/tools/bin/../lib/gcc/arm-none-eabi/12.3.1/../../../../arm-none-eabi/lib/thumb/v7-m/nofp\libc_nano.a(libc_a-memcpy-stub.o)
                0x080040cc                memcpy
 .text._realloc_r
                0x080040e8       0x5c E:/stm32cubeide/STM32CubeIDE_1.16.0/STM32CubeIDE/plugins/com.st.stm32cube.ide.mcu.externaltools.gnu-tools-for-stm32.12.3.rel1.win32_1.0.200.202406191623/tools/bin/../lib/gcc/arm-none-eabi/12.3.1/../../../../arm-none-eabi/lib/thumb/v7-m/nofp\libc_nano.a(libc_a-reallocr.o)
                0x080040e8                _realloc_r
 .text._malloc_usable_size_r
                0x08004144       0x10 E:/stm32cubeide/STM32CubeIDE_1.16.0/STM32CubeIDE/plugins/com.st.stm32cube.ide.mcu.externaltools.gnu-tools-for-stm32.12.3.rel1.win32_1.0.200.202406191623/tools/bin/../lib/gcc/arm-none-eabi/12.3.1/../../../../arm-none-eabi/lib/thumb/v7-m/nofp\libc_nano.a(libc_a-msizer.o)
                0x08004144                _malloc_usable_size_r
 *(.glue_7)
 .glue_7        0x08004154        0x0 linker stubs
 *(.glue_7t)
 .glue_7t       0x08004154        0x0 linker stubs
 *(.eh_frame)
 .eh_frame      0x08004154        0x0 E:/stm32cubeide/STM32CubeIDE_1.16.0/STM32CubeIDE/plugins/com.st.stm32cube.ide.mcu.externaltools.gnu-tools-for-stm32.12.3.rel1.win32_1.0.200.202406191623/tools/bin/../lib/gcc/arm-none-eabi/12.3.1/thumb/v7-m/nofp/crtbegin.o
 *(.init)
 .init          0x08004154        0x4 E:/stm32cubeide/STM32CubeIDE_1.16.0/STM32CubeIDE/plugins/com.st.stm32cube.ide.mcu.externaltools.gnu-tools-for-stm32.12.3.rel1.win32_1.0.200.202406191623/tools/bin/../lib/gcc/arm-none-eabi/12.3.1/thumb/v7-m/nofp/crti.o
                0x08004154                _init
 .init          0x08004158        0x8 E:/stm32cubeide/STM32CubeIDE_1.16.0/STM32CubeIDE/plugins/com.st.stm32cube.ide.mcu.externaltools.gnu-tools-for-stm32.12.3.rel1.win32_1.0.200.202406191623/tools/bin/../lib/gcc/arm-none-eabi/12.3.1/thumb/v7-m/nofp/crtn.o
 *(.fini)
 .fini          0x08004160        0x4 E:/stm32cubeide/STM32CubeIDE_1.16.0/STM32CubeIDE/plugins/com.st.stm32cube.ide.mcu.externaltools.gnu-tools-for-stm32.12.3.rel1.win32_1.0.200.202406191623/tools/bin/../lib/gcc/arm-none-eabi/12.3.1/thumb/v7-m/nofp/crti.o
                0x08004160                _fini
 .fini          0x08004164        0x8 E:/stm32cubeide/STM32CubeIDE_1.16.0/STM32CubeIDE/plugins/com.st.stm32cube.ide.mcu.externaltools.gnu-tools-for-stm32.12.3.rel1.win32_1.0.200.202406191623/tools/bin/../lib/gcc/arm-none-eabi/12.3.1/thumb/v7-m/nofp/crtn.o
                0x0800416c                        . = ALIGN (0x4)
                0x0800416c                        _etext = .

.vfp11_veneer   0x0800416c        0x0
 .vfp11_veneer  0x0800416c        0x0 linker stubs

.v4_bx          0x0800416c        0x0
 .v4_bx         0x0800416c        0x0 linker stubs

.iplt           0x0800416c        0x0
 .iplt          0x0800416c        0x0 E:/stm32cubeide/STM32CubeIDE_1.16.0/STM32CubeIDE/plugins/com.st.stm32cube.ide.mcu.externaltools.gnu-tools-for-stm32.12.3.rel1.win32_1.0.200.202406191623/tools/bin/../lib/gcc/arm-none-eabi/12.3.1/thumb/v7-m/nofp/crtbegin.o

.rodata         0x0800416c       0x94
                0x0800416c                        . = ALIGN (0x4)
 *(.rodata)
 .rodata        0x0800416c       0x28 ./Core/Src/command_parser.o
 *(.rodata*)
 .rodata.AHBPrescTable
                0x08004194       0x10 ./Core/Src/system_stm32f1xx.o
                0x08004194                AHBPrescTable
 .rodata.APBPrescTable
                0x080041a4        0x8 ./Core/Src/system_stm32f1xx.o
                0x080041a4                APBPrescTable
 .rodata.aPLLMULFactorTable.1
                0x080041ac       0x10 ./Drivers/STM32F1xx_HAL_Driver/Src/stm32f1xx_hal_rcc.o
 .rodata.aPredivFactorTable.0
                0x080041bc       0x10 ./Drivers/STM32F1xx_HAL_Driver/Src/stm32f1xx_hal_rcc.o
 .rodata._svfprintf_r.str1.1
                0x080041cc       0x11 E:/stm32cubeide/STM32CubeIDE_1.16.0/STM32CubeIDE/plugins/com.st.stm32cube.ide.mcu.externaltools.gnu-tools-for-stm32.12.3.rel1.win32_1.0.200.202406191623/tools/bin/../lib/gcc/arm-none-eabi/12.3.1/../../../../arm-none-eabi/lib/thumb/v7-m/nofp\libc_nano.a(libc_a-nano-svfprintf.o)
 .rodata._printf_i.str1.1
                0x080041dd       0x22 E:/stm32cubeide/STM32CubeIDE_1.16.0/STM32CubeIDE/plugins/com.st.stm32cube.ide.mcu.externaltools.gnu-tools-for-stm32.12.3.rel1.win32_1.0.200.202406191623/tools/bin/../lib/gcc/arm-none-eabi/12.3.1/../../../../arm-none-eabi/lib/thumb/v7-m/nofp\libc_nano.a(libc_a-nano-vfprintf_i.o)
                0x08004200                        . = ALIGN (0x4)
 *fill*         0x080041ff        0x1 

.ARM.extab      0x08004200        0x0
                0x08004200                        . = ALIGN (0x4)
 *(.ARM.extab* .gnu.linkonce.armextab.*)
                0x08004200                        . = ALIGN (0x4)

.ARM            0x08004200        0x0
                0x08004200                        . = ALIGN (0x4)
                0x08004200                        __exidx_start = .
 *(.ARM.exidx*)
                0x08004200                        __exidx_end = .
                0x08004200                        . = ALIGN (0x4)

.preinit_array  0x08004200        0x0
                0x08004200                        . = ALIGN (0x4)
                0x08004200                        PROVIDE (__preinit_array_start = .)
 *(.preinit_array*)
                0x08004200                        PROVIDE (__preinit_array_end = .)
                0x08004200                        . = ALIGN (0x4)

.init_array     0x08004200        0x4
                0x08004200                        . = ALIGN (0x4)
                0x08004200                        PROVIDE (__init_array_start = .)
 *(SORT_BY_NAME(.init_array.*))
 *(.init_array*)
 .init_array    0x08004200        0x4 E:/stm32cubeide/STM32CubeIDE_1.16.0/STM32CubeIDE/plugins/com.st.stm32cube.ide.mcu.externaltools.gnu-tools-for-stm32.12.3.rel1.win32_1.0.200.202406191623/tools/bin/../lib/gcc/arm-none-eabi/12.3.1/thumb/v7-m/nofp/crtbegin.o
                0x08004204                        PROVIDE (__init_array_end = .)
                0x08004204                        . = ALIGN (0x4)

.fini_array     0x08004204        0x4
                0x08004204                        . = ALIGN (0x4)
                [!provide]                        PROVIDE (__fini_array_start = .)
 *(SORT_BY_NAME(.fini_array.*))
 *(.fini_array*)
 .fini_array    0x08004204        0x4 E:/stm32cubeide/STM32CubeIDE_1.16.0/STM32CubeIDE/plugins/com.st.stm32cube.ide.mcu.externaltools.gnu-tools-for-stm32.12.3.rel1.win32_1.0.200.202406191623/tools/bin/../lib/gcc/arm-none-eabi/12.3.1/thumb/v7-m/nofp/crtbegin.o
                [!provide]                        PROVIDE (__fini_array_end = .)
                0x08004208                        . = ALIGN (0x4)
                0x08004208                        _sidata = LOADADDR (.data)

.rel.dyn        0x08004208        0x0
 .rel.iplt      0x08004208        0x0 E:/stm32cubeide/STM32CubeIDE_1.16.0/STM32CubeIDE/plugins/com.st.stm32cube.ide.mcu.externaltools.gnu-tools-for-stm32.12.3.rel1.win32_1.0.200.202406191623/tools/bin/../lib/gcc/arm-none-eabi/12.3.1/thumb/v7-m/nofp/crtbegin.o

.data           0x20000000       0x60 load address 0x08004208
                0x20000000                        . = ALIGN (0x4)
                0x20000000                        _sdata = .
 *(.data)
 *(.data*)
 .data.timeout_counter
                0x20000000        0x2 ./Core/Src/command_parser.o
                0x20000000                timeout_counter
 .data.uartCommunicationState
                0x20000002        0x1 ./Core/Src/command_parser.o
                0x20000002                uartCommunicationState
 *fill*         0x20000003        0x1 
 .data.SystemCoreClock
                0x20000004        0x4 ./Core/Src/system_stm32f1xx.o
                0x20000004                SystemCoreClock
 .data.uwTickPrio
                0x20000008        0x4 ./Drivers/STM32F1xx_HAL_Driver/Src/stm32f1xx_hal.o
                0x20000008                uwTickPrio
 .data.uwTickFreq
                0x2000000c        0x1 ./Drivers/STM32F1xx_HAL_Driver/Src/stm32f1xx_hal.o
                0x2000000c                uwTickFreq
 *fill*         0x2000000d        0x3 
 .data._impure_ptr
                0x20000010        0x4 E:/stm32cubeide/STM32CubeIDE_1.16.0/STM32CubeIDE/plugins/com.st.stm32cube.ide.mcu.externaltools.gnu-tools-for-stm32.12.3.rel1.win32_1.0.200.202406191623/tools/bin/../lib/gcc/arm-none-eabi/12.3.1/../../../../arm-none-eabi/lib/thumb/v7-m/nofp\libc_nano.a(libc_a-impure.o)
                0x20000010                _impure_ptr
 .data._impure_data
                0x20000014       0x4c E:/stm32cubeide/STM32CubeIDE_1.16.0/STM32CubeIDE/plugins/com.st.stm32cube.ide.mcu.externaltools.gnu-tools-for-stm32.12.3.rel1.win32_1.0.200.202406191623/tools/bin/../lib/gcc/arm-none-eabi/12.3.1/../../../../arm-none-eabi/lib/thumb/v7-m/nofp\libc_nano.a(libc_a-impure.o)
                0x20000014                _impure_data
 *(.RamFunc)
 *(.RamFunc*)
                0x20000060                        . = ALIGN (0x4)
                0x20000060                        _edata = .

.igot.plt       0x20000060        0x0 load address 0x08004268
 .igot.plt      0x20000060        0x0 E:/stm32cubeide/STM32CubeIDE_1.16.0/STM32CubeIDE/plugins/com.st.stm32cube.ide.mcu.externaltools.gnu-tools-for-stm32.12.3.rel1.win32_1.0.200.202406191623/tools/bin/../lib/gcc/arm-none-eabi/12.3.1/thumb/v7-m/nofp/crtbegin.o
                0x20000060                        . = ALIGN (0x4)

.bss            0x20000060      0x304 load address 0x08004268
                0x20000060                        _sbss = .
                0x20000060                        __bss_start__ = _sbss
 *(.bss)
 .bss           0x20000060       0x1c E:/stm32cubeide/STM32CubeIDE_1.16.0/STM32CubeIDE/plugins/com.st.stm32cube.ide.mcu.externaltools.gnu-tools-for-stm32.12.3.rel1.win32_1.0.200.202406191623/tools/bin/../lib/gcc/arm-none-eabi/12.3.1/thumb/v7-m/nofp/crtbegin.o
 *(.bss*)
 .bss.hadc1     0x2000007c       0x30 ./Core/Src/adc.o
                0x2000007c                hadc1
 .bss.start_send_data
                0x200000ac        0x1 ./Core/Src/command_parser.o
                0x200000ac                start_send_data
 .bss.stop_send_data
                0x200000ad        0x1 ./Core/Src/command_parser.o
                0x200000ad                stop_send_data
 *fill*         0x200000ae        0x2 
 .bss.string    0x200000b0       0x64 ./Core/Src/command_parser.o
                0x200000b0                string
 .bss.ADC_value
                0x20000114        0x4 ./Core/Src/command_parser.o
                0x20000114                ADC_value
 .bss.huart     0x20000118        0x4 ./Core/Src/command_parser.o
                0x20000118                huart
 .bss.hadc      0x2000011c        0x4 ./Core/Src/command_parser.o
                0x2000011c                hadc
 .bss.commandParserState
                0x20000120        0x1 ./Core/Src/command_parser.o
                0x20000120                commandParserState
 *fill*         0x20000121        0x3 
 .bss.flag_timer
                0x20000124       0x14 ./Core/Src/software_timer.o
                0x20000124                flag_timer
 .bss.timer_counter
                0x20000138       0x14 ./Core/Src/software_timer.o
                0x20000138                timer_counter
 .bss.timer_MUL
                0x2000014c       0x14 ./Core/Src/software_timer.o
                0x2000014c                timer_MUL
 .bss.buffer    0x20000160       0x1e ./Core/Src/software_uart.o
                0x20000160                buffer
 .bss.buffer_receive
                0x2000017e        0x1 ./Core/Src/software_uart.o
                0x2000017e                buffer_receive
 .bss.buffer_flag
                0x2000017f        0x1 ./Core/Src/software_uart.o
                0x2000017f                buffer_flag
 .bss.index_buffer
                0x20000180        0x1 ./Core/Src/software_uart.o
                0x20000180                index_buffer
 *fill*         0x20000181        0x3 
 .bss.__sbrk_heap_end
                0x20000184        0x4 ./Core/Src/sysmem.o
 .bss.htim2     0x20000188       0x48 ./Core/Src/tim.o
                0x20000188                htim2
 .bss.huart2    0x200001d0       0x48 ./Core/Src/usart.o
                0x200001d0                huart2
 .bss.uwTick    0x20000218        0x4 ./Drivers/STM32F1xx_HAL_Driver/Src/stm32f1xx_hal.o
                0x20000218                uwTick
 .bss.__sf      0x2000021c      0x138 E:/stm32cubeide/STM32CubeIDE_1.16.0/STM32CubeIDE/plugins/com.st.stm32cube.ide.mcu.externaltools.gnu-tools-for-stm32.12.3.rel1.win32_1.0.200.202406191623/tools/bin/../lib/gcc/arm-none-eabi/12.3.1/../../../../arm-none-eabi/lib/thumb/v7-m/nofp\libc_nano.a(libc_a-findfp.o)
                0x2000021c                __sf
 .bss.errno     0x20000354        0x4 E:/stm32cubeide/STM32CubeIDE_1.16.0/STM32CubeIDE/plugins/com.st.stm32cube.ide.mcu.externaltools.gnu-tools-for-stm32.12.3.rel1.win32_1.0.200.202406191623/tools/bin/../lib/gcc/arm-none-eabi/12.3.1/../../../../arm-none-eabi/lib/thumb/v7-m/nofp\libc_nano.a(libc_a-reent.o)
                0x20000354                errno
 .bss.__lock___malloc_recursive_mutex
                0x20000358        0x1 E:/stm32cubeide/STM32CubeIDE_1.16.0/STM32CubeIDE/plugins/com.st.stm32cube.ide.mcu.externaltools.gnu-tools-for-stm32.12.3.rel1.win32_1.0.200.202406191623/tools/bin/../lib/gcc/arm-none-eabi/12.3.1/../../../../arm-none-eabi/lib/thumb/v7-m/nofp\libc_nano.a(libc_a-lock.o)
                0x20000358                __lock___malloc_recursive_mutex
 *fill*         0x20000359        0x3 
 .bss.__malloc_sbrk_start
                0x2000035c        0x4 E:/stm32cubeide/STM32CubeIDE_1.16.0/STM32CubeIDE/plugins/com.st.stm32cube.ide.mcu.externaltools.gnu-tools-for-stm32.12.3.rel1.win32_1.0.200.202406191623/tools/bin/../lib/gcc/arm-none-eabi/12.3.1/../../../../arm-none-eabi/lib/thumb/v7-m/nofp\libc_nano.a(libc_a-mallocr.o)
                0x2000035c                __malloc_sbrk_start
 .bss.__malloc_free_list
                0x20000360        0x4 E:/stm32cubeide/STM32CubeIDE_1.16.0/STM32CubeIDE/plugins/com.st.stm32cube.ide.mcu.externaltools.gnu-tools-for-stm32.12.3.rel1.win32_1.0.200.202406191623/tools/bin/../lib/gcc/arm-none-eabi/12.3.1/../../../../arm-none-eabi/lib/thumb/v7-m/nofp\libc_nano.a(libc_a-mallocr.o)
                0x20000360                __malloc_free_list
 *(COMMON)
                0x20000364                        . = ALIGN (0x4)
                0x20000364                        _ebss = .
                0x20000364                        __bss_end__ = _ebss

._user_heap_stack
                0x20000364      0x604 load address 0x08004268
                0x20000368                        . = ALIGN (0x8)
 *fill*         0x20000364        0x4 
                [!provide]                        PROVIDE (end = .)
                0x20000368                        PROVIDE (_end = .)
                0x20000568                        . = (. + _Min_Heap_Size)
 *fill*         0x20000368      0x200 
                0x20000968                        . = (. + _Min_Stack_Size)
 *fill*         0x20000568      0x400 
                0x20000968                        . = ALIGN (0x8)

/DISCARD/
 libc.a(*)
 libm.a(*)
 libgcc.a(*)

.ARM.attributes
                0x00000000       0x29
 *(.ARM.attributes)
 .ARM.attributes
                0x00000000       0x1d E:/stm32cubeide/STM32CubeIDE_1.16.0/STM32CubeIDE/plugins/com.st.stm32cube.ide.mcu.externaltools.gnu-tools-for-stm32.12.3.rel1.win32_1.0.200.202406191623/tools/bin/../lib/gcc/arm-none-eabi/12.3.1/thumb/v7-m/nofp/crti.o
 .ARM.attributes
                0x0000001d       0x2d E:/stm32cubeide/STM32CubeIDE_1.16.0/STM32CubeIDE/plugins/com.st.stm32cube.ide.mcu.externaltools.gnu-tools-for-stm32.12.3.rel1.win32_1.0.200.202406191623/tools/bin/../lib/gcc/arm-none-eabi/12.3.1/thumb/v7-m/nofp/crtbegin.o
 .ARM.attributes
                0x0000004a       0x2d ./Core/Src/adc.o
 .ARM.attributes
                0x00000077       0x2d ./Core/Src/command_parser.o
 .ARM.attributes
                0x000000a4       0x2d ./Core/Src/gpio.o
 .ARM.attributes
                0x000000d1       0x2d ./Core/Src/main.o
 .ARM.attributes
                0x000000fe       0x2d ./Core/Src/software_timer.o
 .ARM.attributes
                0x0000012b       0x2d ./Core/Src/software_uart.o
 .ARM.attributes
                0x00000158       0x2d ./Core/Src/stm32f1xx_hal_msp.o
 .ARM.attributes
                0x00000185       0x2d ./Core/Src/stm32f1xx_it.o
 .ARM.attributes
                0x000001b2       0x2d ./Core/Src/sysmem.o
 .ARM.attributes
                0x000001df       0x2d ./Core/Src/system_stm32f1xx.o
 .ARM.attributes
                0x0000020c       0x2d ./Core/Src/tim.o
 .ARM.attributes
                0x00000239       0x2d ./Core/Src/usart.o
 .ARM.attributes
                0x00000266       0x21 ./Core/Startup/startup_stm32f100c6tx.o
 .ARM.attributes
                0x00000287       0x2d ./Drivers/STM32F1xx_HAL_Driver/Src/stm32f1xx_hal.o
 .ARM.attributes
                0x000002b4       0x2d ./Drivers/STM32F1xx_HAL_Driver/Src/stm32f1xx_hal_adc.o
 .ARM.attributes
                0x000002e1       0x2d ./Drivers/STM32F1xx_HAL_Driver/Src/stm32f1xx_hal_cortex.o
 .ARM.attributes
                0x0000030e       0x2d ./Drivers/STM32F1xx_HAL_Driver/Src/stm32f1xx_hal_dma.o
 .ARM.attributes
                0x0000033b       0x2d ./Drivers/STM32F1xx_HAL_Driver/Src/stm32f1xx_hal_gpio.o
 .ARM.attributes
                0x00000368       0x2d ./Drivers/STM32F1xx_HAL_Driver/Src/stm32f1xx_hal_rcc.o
 .ARM.attributes
                0x00000395       0x2d ./Drivers/STM32F1xx_HAL_Driver/Src/stm32f1xx_hal_rcc_ex.o
 .ARM.attributes
                0x000003c2       0x2d ./Drivers/STM32F1xx_HAL_Driver/Src/stm32f1xx_hal_tim.o
 .ARM.attributes
                0x000003ef       0x2d ./Drivers/STM32F1xx_HAL_Driver/Src/stm32f1xx_hal_tim_ex.o
 .ARM.attributes
                0x0000041c       0x2d ./Drivers/STM32F1xx_HAL_Driver/Src/stm32f1xx_hal_uart.o
 .ARM.attributes
                0x00000449       0x2d E:/stm32cubeide/STM32CubeIDE_1.16.0/STM32CubeIDE/plugins/com.st.stm32cube.ide.mcu.externaltools.gnu-tools-for-stm32.12.3.rel1.win32_1.0.200.202406191623/tools/bin/../lib/gcc/arm-none-eabi/12.3.1/../../../../arm-none-eabi/lib/thumb/v7-m/nofp\libc_nano.a(libc_a-findfp.o)
 .ARM.attributes
                0x00000476       0x2d E:/stm32cubeide/STM32CubeIDE_1.16.0/STM32CubeIDE/plugins/com.st.stm32cube.ide.mcu.externaltools.gnu-tools-for-stm32.12.3.rel1.win32_1.0.200.202406191623/tools/bin/../lib/gcc/arm-none-eabi/12.3.1/../../../../arm-none-eabi/lib/thumb/v7-m/nofp\libc_nano.a(libc_a-sprintf.o)
 .ARM.attributes
                0x000004a3       0x2d E:/stm32cubeide/STM32CubeIDE_1.16.0/STM32CubeIDE/plugins/com.st.stm32cube.ide.mcu.externaltools.gnu-tools-for-stm32.12.3.rel1.win32_1.0.200.202406191623/tools/bin/../lib/gcc/arm-none-eabi/12.3.1/../../../../arm-none-eabi/lib/thumb/v7-m/nofp\libc_nano.a(libc_a-memset.o)
 .ARM.attributes
                0x000004d0       0x2d E:/stm32cubeide/STM32CubeIDE_1.16.0/STM32CubeIDE/plugins/com.st.stm32cube.ide.mcu.externaltools.gnu-tools-for-stm32.12.3.rel1.win32_1.0.200.202406191623/tools/bin/../lib/gcc/arm-none-eabi/12.3.1/../../../../arm-none-eabi/lib/thumb/v7-m/nofp\libc_nano.a(libc_a-reent.o)
 .ARM.attributes
                0x000004fd       0x2d E:/stm32cubeide/STM32CubeIDE_1.16.0/STM32CubeIDE/plugins/com.st.stm32cube.ide.mcu.externaltools.gnu-tools-for-stm32.12.3.rel1.win32_1.0.200.202406191623/tools/bin/../lib/gcc/arm-none-eabi/12.3.1/../../../../arm-none-eabi/lib/thumb/v7-m/nofp\libc_nano.a(libc_a-impure.o)
 .ARM.attributes
                0x0000052a       0x2d E:/stm32cubeide/STM32CubeIDE_1.16.0/STM32CubeIDE/plugins/com.st.stm32cube.ide.mcu.externaltools.gnu-tools-for-stm32.12.3.rel1.win32_1.0.200.202406191623/tools/bin/../lib/gcc/arm-none-eabi/12.3.1/../../../../arm-none-eabi/lib/thumb/v7-m/nofp\libc_nano.a(libc_a-errno.o)
 .ARM.attributes
                0x00000557       0x2d E:/stm32cubeide/STM32CubeIDE_1.16.0/STM32CubeIDE/plugins/com.st.stm32cube.ide.mcu.externaltools.gnu-tools-for-stm32.12.3.rel1.win32_1.0.200.202406191623/tools/bin/../lib/gcc/arm-none-eabi/12.3.1/../../../../arm-none-eabi/lib/thumb/v7-m/nofp\libc_nano.a(libc_a-init.o)
 .ARM.attributes
                0x00000584       0x2d E:/stm32cubeide/STM32CubeIDE_1.16.0/STM32CubeIDE/plugins/com.st.stm32cube.ide.mcu.externaltools.gnu-tools-for-stm32.12.3.rel1.win32_1.0.200.202406191623/tools/bin/../lib/gcc/arm-none-eabi/12.3.1/../../../../arm-none-eabi/lib/thumb/v7-m/nofp\libc_nano.a(libc_a-lock.o)
 .ARM.attributes
                0x000005b1       0x2d E:/stm32cubeide/STM32CubeIDE_1.16.0/STM32CubeIDE/plugins/com.st.stm32cube.ide.mcu.externaltools.gnu-tools-for-stm32.12.3.rel1.win32_1.0.200.202406191623/tools/bin/../lib/gcc/arm-none-eabi/12.3.1/../../../../arm-none-eabi/lib/thumb/v7-m/nofp\libc_nano.a(libc_a-freer.o)
 .ARM.attributes
                0x000005de       0x2d E:/stm32cubeide/STM32CubeIDE_1.16.0/STM32CubeIDE/plugins/com.st.stm32cube.ide.mcu.externaltools.gnu-tools-for-stm32.12.3.rel1.win32_1.0.200.202406191623/tools/bin/../lib/gcc/arm-none-eabi/12.3.1/../../../../arm-none-eabi/lib/thumb/v7-m/nofp\libc_nano.a(libc_a-mallocr.o)
 .ARM.attributes
                0x0000060b       0x2d E:/stm32cubeide/STM32CubeIDE_1.16.0/STM32CubeIDE/plugins/com.st.stm32cube.ide.mcu.externaltools.gnu-tools-for-stm32.12.3.rel1.win32_1.0.200.202406191623/tools/bin/../lib/gcc/arm-none-eabi/12.3.1/../../../../arm-none-eabi/lib/thumb/v7-m/nofp\libc_nano.a(libc_a-mlock.o)
 .ARM.attributes
                0x00000638       0x2d E:/stm32cubeide/STM32CubeIDE_1.16.0/STM32CubeIDE/plugins/com.st.stm32cube.ide.mcu.externaltools.gnu-tools-for-stm32.12.3.rel1.win32_1.0.200.202406191623/tools/bin/../lib/gcc/arm-none-eabi/12.3.1/../../../../arm-none-eabi/lib/thumb/v7-m/nofp\libc_nano.a(libc_a-nano-svfprintf.o)
 .ARM.attributes
                0x00000665       0x2d E:/stm32cubeide/STM32CubeIDE_1.16.0/STM32CubeIDE/plugins/com.st.stm32cube.ide.mcu.externaltools.gnu-tools-for-stm32.12.3.rel1.win32_1.0.200.202406191623/tools/bin/../lib/gcc/arm-none-eabi/12.3.1/../../../../arm-none-eabi/lib/thumb/v7-m/nofp\libc_nano.a(libc_a-nano-vfprintf_i.o)
 .ARM.attributes
                0x00000692       0x2d E:/stm32cubeide/STM32CubeIDE_1.16.0/STM32CubeIDE/plugins/com.st.stm32cube.ide.mcu.externaltools.gnu-tools-for-stm32.12.3.rel1.win32_1.0.200.202406191623/tools/bin/../lib/gcc/arm-none-eabi/12.3.1/../../../../arm-none-eabi/lib/thumb/v7-m/nofp\libc_nano.a(libc_a-memmove.o)
 .ARM.attributes
                0x000006bf       0x2d E:/stm32cubeide/STM32CubeIDE_1.16.0/STM32CubeIDE/plugins/com.st.stm32cube.ide.mcu.externaltools.gnu-tools-for-stm32.12.3.rel1.win32_1.0.200.202406191623/tools/bin/../lib/gcc/arm-none-eabi/12.3.1/../../../../arm-none-eabi/lib/thumb/v7-m/nofp\libc_nano.a(libc_a-sbrkr.o)
 .ARM.attributes
                0x000006ec       0x2d E:/stm32cubeide/STM32CubeIDE_1.16.0/STM32CubeIDE/plugins/com.st.stm32cube.ide.mcu.externaltools.gnu-tools-for-stm32.12.3.rel1.win32_1.0.200.202406191623/tools/bin/../lib/gcc/arm-none-eabi/12.3.1/../../../../arm-none-eabi/lib/thumb/v7-m/nofp\libc_nano.a(libc_a-memchr-stub.o)
 .ARM.attributes
                0x00000719       0x2d E:/stm32cubeide/STM32CubeIDE_1.16.0/STM32CubeIDE/plugins/com.st.stm32cube.ide.mcu.externaltools.gnu-tools-for-stm32.12.3.rel1.win32_1.0.200.202406191623/tools/bin/../lib/gcc/arm-none-eabi/12.3.1/../../../../arm-none-eabi/lib/thumb/v7-m/nofp\libc_nano.a(libc_a-memcpy-stub.o)
 .ARM.attributes
                0x00000746       0x2d E:/stm32cubeide/STM32CubeIDE_1.16.0/STM32CubeIDE/plugins/com.st.stm32cube.ide.mcu.externaltools.gnu-tools-for-stm32.12.3.rel1.win32_1.0.200.202406191623/tools/bin/../lib/gcc/arm-none-eabi/12.3.1/../../../../arm-none-eabi/lib/thumb/v7-m/nofp\libc_nano.a(libc_a-reallocr.o)
 .ARM.attributes
                0x00000773       0x2d E:/stm32cubeide/STM32CubeIDE_1.16.0/STM32CubeIDE/plugins/com.st.stm32cube.ide.mcu.externaltools.gnu-tools-for-stm32.12.3.rel1.win32_1.0.200.202406191623/tools/bin/../lib/gcc/arm-none-eabi/12.3.1/../../../../arm-none-eabi/lib/thumb/v7-m/nofp\libc_nano.a(libc_a-msizer.o)
 .ARM.attributes
                0x000007a0       0x1d E:/stm32cubeide/STM32CubeIDE_1.16.0/STM32CubeIDE/plugins/com.st.stm32cube.ide.mcu.externaltools.gnu-tools-for-stm32.12.3.rel1.win32_1.0.200.202406191623/tools/bin/../lib/gcc/arm-none-eabi/12.3.1/thumb/v7-m/nofp/crtn.o
OUTPUT(Lab5_f1.elf elf32-littlearm)
LOAD linker stubs
LOAD E:/stm32cubeide/STM32CubeIDE_1.16.0/STM32CubeIDE/plugins/com.st.stm32cube.ide.mcu.externaltools.gnu-tools-for-stm32.12.3.rel1.win32_1.0.200.202406191623/tools/bin/../lib/gcc/arm-none-eabi/12.3.1/../../../../arm-none-eabi/lib/thumb/v7-m/nofp\libc.a
LOAD E:/stm32cubeide/STM32CubeIDE_1.16.0/STM32CubeIDE/plugins/com.st.stm32cube.ide.mcu.externaltools.gnu-tools-for-stm32.12.3.rel1.win32_1.0.200.202406191623/tools/bin/../lib/gcc/arm-none-eabi/12.3.1/../../../../arm-none-eabi/lib/thumb/v7-m/nofp\libm.a
LOAD E:/stm32cubeide/STM32CubeIDE_1.16.0/STM32CubeIDE/plugins/com.st.stm32cube.ide.mcu.externaltools.gnu-tools-for-stm32.12.3.rel1.win32_1.0.200.202406191623/tools/bin/../lib/gcc/arm-none-eabi/12.3.1/thumb/v7-m/nofp\libgcc.a

.debug_info     0x00000000     0xefff
 .debug_info    0x00000000      0x7df ./Core/Src/adc.o
 .debug_info    0x000007df      0x9df ./Core/Src/command_parser.o
 .debug_info    0x000011be      0x171 ./Core/Src/gpio.o
 .debug_info    0x0000132f      0xace ./Core/Src/main.o
 .debug_info    0x00001dfd      0x746 ./Core/Src/software_timer.o
 .debug_info    0x00002543      0x713 ./Core/Src/software_uart.o
 .debug_info    0x00002c56      0x20b ./Core/Src/stm32f1xx_hal_msp.o
 .debug_info    0x00002e61      0x94c ./Core/Src/stm32f1xx_it.o
 .debug_info    0x000037ad      0x168 ./Core/Src/sysmem.o
 .debug_info    0x00003915      0x236 ./Core/Src/system_stm32f1xx.o
 .debug_info    0x00003b4b      0x9cb ./Core/Src/tim.o
 .debug_info    0x00004516      0x946 ./Core/Src/usart.o
 .debug_info    0x00004e5c       0x30 ./Core/Startup/startup_stm32f100c6tx.o
 .debug_info    0x00004e8c      0x67d ./Drivers/STM32F1xx_HAL_Driver/Src/stm32f1xx_hal.o
 .debug_info    0x00005509      0xc50 ./Drivers/STM32F1xx_HAL_Driver/Src/stm32f1xx_hal_adc.o
 .debug_info    0x00006159      0xa7b ./Drivers/STM32F1xx_HAL_Driver/Src/stm32f1xx_hal_cortex.o
 .debug_info    0x00006bd4      0x6d2 ./Drivers/STM32F1xx_HAL_Driver/Src/stm32f1xx_hal_dma.o
 .debug_info    0x000072a6      0x5c5 ./Drivers/STM32F1xx_HAL_Driver/Src/stm32f1xx_hal_gpio.o
 .debug_info    0x0000786b      0x765 ./Drivers/STM32F1xx_HAL_Driver/Src/stm32f1xx_hal_rcc.o
 .debug_info    0x00007fd0      0x34e ./Drivers/STM32F1xx_HAL_Driver/Src/stm32f1xx_hal_rcc_ex.o
 .debug_info    0x0000831e     0x2959 ./Drivers/STM32F1xx_HAL_Driver/Src/stm32f1xx_hal_tim.o
 .debug_info    0x0000ac77     0x149b ./Drivers/STM32F1xx_HAL_Driver/Src/stm32f1xx_hal_tim_ex.o
 .debug_info    0x0000c112     0x2eed ./Drivers/STM32F1xx_HAL_Driver/Src/stm32f1xx_hal_uart.o

.debug_abbrev   0x00000000     0x2abe
 .debug_abbrev  0x00000000      0x1e0 ./Core/Src/adc.o
 .debug_abbrev  0x000001e0      0x230 ./Core/Src/command_parser.o
 .debug_abbrev  0x00000410       0xb8 ./Core/Src/gpio.o
 .debug_abbrev  0x000004c8      0x24b ./Core/Src/main.o
 .debug_abbrev  0x00000713      0x1ea ./Core/Src/software_timer.o
 .debug_abbrev  0x000008fd      0x209 ./Core/Src/software_uart.o
 .debug_abbrev  0x00000b06       0xdb ./Core/Src/stm32f1xx_hal_msp.o
 .debug_abbrev  0x00000be1      0x19b ./Core/Src/stm32f1xx_it.o
 .debug_abbrev  0x00000d7c       0xbc ./Core/Src/sysmem.o
 .debug_abbrev  0x00000e38      0x119 ./Core/Src/system_stm32f1xx.o
 .debug_abbrev  0x00000f51      0x20e ./Core/Src/tim.o
 .debug_abbrev  0x0000115f      0x204 ./Core/Src/usart.o
 .debug_abbrev  0x00001363       0x24 ./Core/Startup/startup_stm32f100c6tx.o
 .debug_abbrev  0x00001387      0x233 ./Drivers/STM32F1xx_HAL_Driver/Src/stm32f1xx_hal.o
 .debug_abbrev  0x000015ba      0x225 ./Drivers/STM32F1xx_HAL_Driver/Src/stm32f1xx_hal_adc.o
 .debug_abbrev  0x000017df      0x2f8 ./Drivers/STM32F1xx_HAL_Driver/Src/stm32f1xx_hal_cortex.o
 .debug_abbrev  0x00001ad7      0x20b ./Drivers/STM32F1xx_HAL_Driver/Src/stm32f1xx_hal_dma.o
 .debug_abbrev  0x00001ce2      0x1ca ./Drivers/STM32F1xx_HAL_Driver/Src/stm32f1xx_hal_gpio.o
 .debug_abbrev  0x00001eac      0x2b2 ./Drivers/STM32F1xx_HAL_Driver/Src/stm32f1xx_hal_rcc.o
 .debug_abbrev  0x0000215e      0x16f ./Drivers/STM32F1xx_HAL_Driver/Src/stm32f1xx_hal_rcc_ex.o
 .debug_abbrev  0x000022cd      0x277 ./Drivers/STM32F1xx_HAL_Driver/Src/stm32f1xx_hal_tim.o
 .debug_abbrev  0x00002544      0x282 ./Drivers/STM32F1xx_HAL_Driver/Src/stm32f1xx_hal_tim_ex.o
 .debug_abbrev  0x000027c6      0x2f8 ./Drivers/STM32F1xx_HAL_Driver/Src/stm32f1xx_hal_uart.o

.debug_aranges  0x00000000      0xe28
 .debug_aranges
                0x00000000       0x30 ./Core/Src/adc.o
 .debug_aranges
                0x00000030       0x30 ./Core/Src/command_parser.o
 .debug_aranges
                0x00000060       0x20 ./Core/Src/gpio.o
 .debug_aranges
                0x00000080       0x30 ./Core/Src/main.o
 .debug_aranges
                0x000000b0       0x38 ./Core/Src/software_timer.o
 .debug_aranges
                0x000000e8       0x38 ./Core/Src/software_uart.o
 .debug_aranges
                0x00000120       0x20 ./Core/Src/stm32f1xx_hal_msp.o
 .debug_aranges
                0x00000140       0x70 ./Core/Src/stm32f1xx_it.o
 .debug_aranges
                0x000001b0       0x20 ./Core/Src/sysmem.o
 .debug_aranges
                0x000001d0       0x28 ./Core/Src/system_stm32f1xx.o
 .debug_aranges
                0x000001f8       0x30 ./Core/Src/tim.o
 .debug_aranges
                0x00000228       0x30 ./Core/Src/usart.o
 .debug_aranges
                0x00000258       0x28 ./Core/Startup/startup_stm32f100c6tx.o
 .debug_aranges
                0x00000280       0xe0 ./Drivers/STM32F1xx_HAL_Driver/Src/stm32f1xx_hal.o
 .debug_aranges
                0x00000360       0xf0 ./Drivers/STM32F1xx_HAL_Driver/Src/stm32f1xx_hal_adc.o
 .debug_aranges
                0x00000450      0x100 ./Drivers/STM32F1xx_HAL_Driver/Src/stm32f1xx_hal_cortex.o
 .debug_aranges
                0x00000550       0x80 ./Drivers/STM32F1xx_HAL_Driver/Src/stm32f1xx_hal_dma.o
 .debug_aranges
                0x000005d0       0x58 ./Drivers/STM32F1xx_HAL_Driver/Src/stm32f1xx_hal_gpio.o
 .debug_aranges
                0x00000628       0x90 ./Drivers/STM32F1xx_HAL_Driver/Src/stm32f1xx_hal_rcc.o
 .debug_aranges
                0x000006b8       0x30 ./Drivers/STM32F1xx_HAL_Driver/Src/stm32f1xx_hal_rcc_ex.o
 .debug_aranges
                0x000006e8      0x3d0 ./Drivers/STM32F1xx_HAL_Driver/Src/stm32f1xx_hal_tim.o
 .debug_aranges
                0x00000ab8      0x168 ./Drivers/STM32F1xx_HAL_Driver/Src/stm32f1xx_hal_tim_ex.o
 .debug_aranges
                0x00000c20      0x208 ./Drivers/STM32F1xx_HAL_Driver/Src/stm32f1xx_hal_uart.o

.debug_rnglists
                0x00000000      0xaea
 .debug_rnglists
                0x00000000       0x1f ./Core/Src/adc.o
 .debug_rnglists
                0x0000001f       0x21 ./Core/Src/command_parser.o
 .debug_rnglists
                0x00000040       0x13 ./Core/Src/gpio.o
 .debug_rnglists
                0x00000053       0x20 ./Core/Src/main.o
 .debug_rnglists
                0x00000073       0x25 ./Core/Src/software_timer.o
 .debug_rnglists
                0x00000098       0x25 ./Core/Src/software_uart.o
 .debug_rnglists
                0x000000bd       0x13 ./Core/Src/stm32f1xx_hal_msp.o
 .debug_rnglists
                0x000000d0       0x4f ./Core/Src/stm32f1xx_it.o
 .debug_rnglists
                0x0000011f       0x13 ./Core/Src/sysmem.o
 .debug_rnglists
                0x00000132       0x1a ./Core/Src/system_stm32f1xx.o
 .debug_rnglists
                0x0000014c       0x20 ./Core/Src/tim.o
 .debug_rnglists
                0x0000016c       0x20 ./Core/Src/usart.o
 .debug_rnglists
                0x0000018c       0x19 ./Core/Startup/startup_stm32f100c6tx.o
 .debug_rnglists
                0x000001a5       0xa3 ./Drivers/STM32F1xx_HAL_Driver/Src/stm32f1xx_hal.o
 .debug_rnglists
                0x00000248       0xbc ./Drivers/STM32F1xx_HAL_Driver/Src/stm32f1xx_hal_adc.o
 .debug_rnglists
                0x00000304       0xbb ./Drivers/STM32F1xx_HAL_Driver/Src/stm32f1xx_hal_cortex.o
 .debug_rnglists
                0x000003bf       0x64 ./Drivers/STM32F1xx_HAL_Driver/Src/stm32f1xx_hal_dma.o
 .debug_rnglists
                0x00000423       0x3f ./Drivers/STM32F1xx_HAL_Driver/Src/stm32f1xx_hal_gpio.o
 .debug_rnglists
                0x00000462       0x6c ./Drivers/STM32F1xx_HAL_Driver/Src/stm32f1xx_hal_rcc.o
 .debug_rnglists
                0x000004ce       0x21 ./Drivers/STM32F1xx_HAL_Driver/Src/stm32f1xx_hal_rcc_ex.o
 .debug_rnglists
                0x000004ef      0x31a ./Drivers/STM32F1xx_HAL_Driver/Src/stm32f1xx_hal_tim.o
 .debug_rnglists
                0x00000809      0x125 ./Drivers/STM32F1xx_HAL_Driver/Src/stm32f1xx_hal_tim_ex.o
 .debug_rnglists
                0x0000092e      0x1bc ./Drivers/STM32F1xx_HAL_Driver/Src/stm32f1xx_hal_uart.o

.debug_macro    0x00000000    0x128e0
 .debug_macro   0x00000000      0x1ca ./Core/Src/adc.o
 .debug_macro   0x000001ca      0xaa8 ./Core/Src/adc.o
 .debug_macro   0x00000c72      0x221 ./Core/Src/adc.o
 .debug_macro   0x00000e93       0x2e ./Core/Src/adc.o
 .debug_macro   0x00000ec1       0x22 ./Core/Src/adc.o
 .debug_macro   0x00000ee3       0x22 ./Core/Src/adc.o
 .debug_macro   0x00000f05       0x8e ./Core/Src/adc.o
 .debug_macro   0x00000f93       0x51 ./Core/Src/adc.o
 .debug_macro   0x00000fe4      0x103 ./Core/Src/adc.o
 .debug_macro   0x000010e7       0x6a ./Core/Src/adc.o
 .debug_macro   0x00001151      0x1df ./Core/Src/adc.o
 .debug_macro   0x00001330       0x1c ./Core/Src/adc.o
 .debug_macro   0x0000134c       0x22 ./Core/Src/adc.o
 .debug_macro   0x0000136e       0xbd ./Core/Src/adc.o
 .debug_macro   0x0000142b      0xd23 ./Core/Src/adc.o
 .debug_macro   0x0000214e     0x75c9 ./Core/Src/adc.o
 .debug_macro   0x00009717       0x6d ./Core/Src/adc.o
 .debug_macro   0x00009784     0x34a2 ./Core/Src/adc.o
 .debug_macro   0x0000cc26      0x189 ./Core/Src/adc.o
 .debug_macro   0x0000cdaf       0x5c ./Core/Src/adc.o
 .debug_macro   0x0000ce0b      0x5bc ./Core/Src/adc.o
 .debug_macro   0x0000d3c7      0x369 ./Core/Src/adc.o
 .debug_macro   0x0000d730      0x1cb ./Core/Src/adc.o
 .debug_macro   0x0000d8fb      0x114 ./Core/Src/adc.o
 .debug_macro   0x0000da0f      0x1f1 ./Core/Src/adc.o
 .debug_macro   0x0000dc00       0x27 ./Core/Src/adc.o
 .debug_macro   0x0000dc27      0x130 ./Core/Src/adc.o
 .debug_macro   0x0000dd57      0x1bc ./Core/Src/adc.o
 .debug_macro   0x0000df13       0x34 ./Core/Src/adc.o
 .debug_macro   0x0000df47       0x3c ./Core/Src/adc.o
 .debug_macro   0x0000df83       0x57 ./Core/Src/adc.o
 .debug_macro   0x0000dfda      0x46a ./Core/Src/adc.o
 .debug_macro   0x0000e444      0x15a ./Core/Src/adc.o
 .debug_macro   0x0000e59e       0x6b ./Core/Src/adc.o
 .debug_macro   0x0000e609      0x240 ./Core/Src/adc.o
 .debug_macro   0x0000e849      0x140 ./Core/Src/adc.o
 .debug_macro   0x0000e989      0x8ed ./Core/Src/adc.o
 .debug_macro   0x0000f276      0x2aa ./Core/Src/adc.o
 .debug_macro   0x0000f520       0x9f ./Core/Src/adc.o
 .debug_macro   0x0000f5bf      0x2c6 ./Core/Src/command_parser.o
 .debug_macro   0x0000f885       0x61 ./Core/Src/command_parser.o
 .debug_macro   0x0000f8e6       0x24 ./Core/Src/command_parser.o
 .debug_macro   0x0000f90a       0x43 ./Core/Src/command_parser.o
 .debug_macro   0x0000f94d       0x34 ./Core/Src/command_parser.o
 .debug_macro   0x0000f981       0x16 ./Core/Src/command_parser.o
 .debug_macro   0x0000f997       0x35 ./Core/Src/command_parser.o
 .debug_macro   0x0000f9cc      0x369 ./Core/Src/command_parser.o
 .debug_macro   0x0000fd35       0x10 ./Core/Src/command_parser.o
 .debug_macro   0x0000fd45       0x16 ./Core/Src/command_parser.o
 .debug_macro   0x0000fd5b       0x43 ./Core/Src/command_parser.o
 .debug_macro   0x0000fd9e       0x34 ./Core/Src/command_parser.o
 .debug_macro   0x0000fdd2       0x10 ./Core/Src/command_parser.o
 .debug_macro   0x0000fde2       0x58 ./Core/Src/command_parser.o
 .debug_macro   0x0000fe3a       0x8e ./Core/Src/command_parser.o
 .debug_macro   0x0000fec8       0x1c ./Core/Src/command_parser.o
 .debug_macro   0x0000fee4      0x177 ./Core/Src/command_parser.o
 .debug_macro   0x0001005b       0x16 ./Core/Src/command_parser.o
 .debug_macro   0x00010071       0x16 ./Core/Src/command_parser.o
 .debug_macro   0x00010087      0x146 ./Core/Src/command_parser.o
 .debug_macro   0x000101cd      0x1ca ./Core/Src/gpio.o
 .debug_macro   0x00010397      0x2dc ./Core/Src/main.o
 .debug_macro   0x00010673      0x1d0 ./Core/Src/software_timer.o
 .debug_macro   0x00010843      0x2b2 ./Core/Src/software_uart.o
 .debug_macro   0x00010af5      0x1c0 ./Core/Src/stm32f1xx_hal_msp.o
 .debug_macro   0x00010cb5      0x1ca ./Core/Src/stm32f1xx_it.o
 .debug_macro   0x00010e7f       0xff ./Core/Src/sysmem.o
 .debug_macro   0x00010f7e      0x23c ./Core/Src/sysmem.o
 .debug_macro   0x000111ba      0x1b6 ./Core/Src/system_stm32f1xx.o
 .debug_macro   0x00011370      0x1ca ./Core/Src/tim.o
 .debug_macro   0x0001153a      0x1ca ./Core/Src/usart.o
 .debug_macro   0x00011704      0x1da ./Drivers/STM32F1xx_HAL_Driver/Src/stm32f1xx_hal.o
 .debug_macro   0x000118de      0x1d3 ./Drivers/STM32F1xx_HAL_Driver/Src/stm32f1xx_hal_adc.o
 .debug_macro   0x00011ab1      0x1b6 ./Drivers/STM32F1xx_HAL_Driver/Src/stm32f1xx_hal_cortex.o
 .debug_macro   0x00011c67      0x1b6 ./Drivers/STM32F1xx_HAL_Driver/Src/stm32f1xx_hal_dma.o
 .debug_macro   0x00011e1d      0x221 ./Drivers/STM32F1xx_HAL_Driver/Src/stm32f1xx_hal_gpio.o
 .debug_macro   0x0001203e      0x1c8 ./Drivers/STM32F1xx_HAL_Driver/Src/stm32f1xx_hal_rcc.o
 .debug_macro   0x00012206      0x1b6 ./Drivers/STM32F1xx_HAL_Driver/Src/stm32f1xx_hal_rcc_ex.o
 .debug_macro   0x000123bc      0x1b7 ./Drivers/STM32F1xx_HAL_Driver/Src/stm32f1xx_hal_tim.o
 .debug_macro   0x00012573      0x1b6 ./Drivers/STM32F1xx_HAL_Driver/Src/stm32f1xx_hal_tim_ex.o
 .debug_macro   0x00012729      0x1b7 ./Drivers/STM32F1xx_HAL_Driver/Src/stm32f1xx_hal_uart.o

.debug_line     0x00000000    0x130f6
 .debug_line    0x00000000      0x79d ./Core/Src/adc.o
 .debug_line    0x0000079d      0xb06 ./Core/Src/command_parser.o
 .debug_line    0x000012a3      0x729 ./Core/Src/gpio.o
 .debug_line    0x000019cc      0xa55 ./Core/Src/main.o
 .debug_line    0x00002421      0x7d6 ./Core/Src/software_timer.o
 .debug_line    0x00002bf7      0x9f4 ./Core/Src/software_uart.o
 .debug_line    0x000035eb      0x72f ./Core/Src/stm32f1xx_hal_msp.o
 .debug_line    0x00003d1a      0x820 ./Core/Src/stm32f1xx_it.o
 .debug_line    0x0000453a      0x672 ./Core/Src/sysmem.o
 .debug_line    0x00004bac      0x7a1 ./Core/Src/system_stm32f1xx.o
 .debug_line    0x0000534d      0x79b ./Core/Src/tim.o
 .debug_line    0x00005ae8      0x7a0 ./Core/Src/usart.o
 .debug_line    0x00006288       0x78 ./Core/Startup/startup_stm32f100c6tx.o
 .debug_line    0x00006300      0x9d8 ./Drivers/STM32F1xx_HAL_Driver/Src/stm32f1xx_hal.o
 .debug_line    0x00006cd8      0xf73 ./Drivers/STM32F1xx_HAL_Driver/Src/stm32f1xx_hal_adc.o
 .debug_line    0x00007c4b      0xbc5 ./Drivers/STM32F1xx_HAL_Driver/Src/stm32f1xx_hal_cortex.o
 .debug_line    0x00008810      0xe32 ./Drivers/STM32F1xx_HAL_Driver/Src/stm32f1xx_hal_dma.o
 .debug_line    0x00009642      0xa72 ./Drivers/STM32F1xx_HAL_Driver/Src/stm32f1xx_hal_gpio.o
 .debug_line    0x0000a0b4      0xdb9 ./Drivers/STM32F1xx_HAL_Driver/Src/stm32f1xx_hal_rcc.o
 .debug_line    0x0000ae6d      0x8a7 ./Drivers/STM32F1xx_HAL_Driver/Src/stm32f1xx_hal_rcc_ex.o
 .debug_line    0x0000b714     0x37af ./Drivers/STM32F1xx_HAL_Driver/Src/stm32f1xx_hal_tim.o
 .debug_line    0x0000eec3     0x195c ./Drivers/STM32F1xx_HAL_Driver/Src/stm32f1xx_hal_tim_ex.o
 .debug_line    0x0001081f     0x28d7 ./Drivers/STM32F1xx_HAL_Driver/Src/stm32f1xx_hal_uart.o

.debug_str      0x00000000    0x6e78b
 .debug_str     0x00000000    0x671c1 ./Core/Src/adc.o
                              0x6758c (size before relaxing)
 .debug_str     0x000671c1     0x3b4d ./Core/Src/command_parser.o
                              0x6af9d (size before relaxing)
 .debug_str     0x0006ad0e       0x2c ./Core/Src/gpio.o
                              0x67141 (size before relaxing)
 .debug_str     0x0006ad3a      0x250 ./Core/Src/main.o
                              0x6b01f (size before relaxing)
 .debug_str     0x0006af8a      0x2ff ./Core/Src/software_timer.o
                              0x676a3 (size before relaxing)
 .debug_str     0x0006b289       0x84 ./Core/Src/software_uart.o
                              0x6acd6 (size before relaxing)
 .debug_str     0x0006b30d       0x50 ./Core/Src/stm32f1xx_hal_msp.o
                              0x67165 (size before relaxing)
 .debug_str     0x0006b35d      0x112 ./Core/Src/stm32f1xx_it.o
                              0x678b5 (size before relaxing)
 .debug_str     0x0006b46f      0x4dc ./Core/Src/sysmem.o
                               0x6066 (size before relaxing)
 .debug_str     0x0006b94b       0x8c ./Core/Src/system_stm32f1xx.o
                              0x671a2 (size before relaxing)
 .debug_str     0x0006b9d7      0x3d4 ./Core/Src/tim.o
                              0x67a6d (size before relaxing)
 .debug_str     0x0006bdab       0x51 ./Core/Src/usart.o
                              0x67927 (size before relaxing)
 .debug_str     0x0006bdfc       0x44 ./Core/Startup/startup_stm32f100c6tx.o
                                 0x71 (size before relaxing)
 .debug_str     0x0006be40      0x373 ./Drivers/STM32F1xx_HAL_Driver/Src/stm32f1xx_hal.o
                              0x67881 (size before relaxing)
 .debug_str     0x0006c1b3      0x36f ./Drivers/STM32F1xx_HAL_Driver/Src/stm32f1xx_hal_adc.o
                              0x6786e (size before relaxing)
 .debug_str     0x0006c522      0x294 ./Drivers/STM32F1xx_HAL_Driver/Src/stm32f1xx_hal_cortex.o
                              0x677e6 (size before relaxing)
 .debug_str     0x0006c7b6      0x216 ./Drivers/STM32F1xx_HAL_Driver/Src/stm32f1xx_hal_dma.o
                              0x67533 (size before relaxing)
 .debug_str     0x0006c9cc      0x31d ./Drivers/STM32F1xx_HAL_Driver/Src/stm32f1xx_hal_gpio.o
                              0x67516 (size before relaxing)
 .debug_str     0x0006cce9      0x229 ./Drivers/STM32F1xx_HAL_Driver/Src/stm32f1xx_hal_rcc.o
                              0x675a0 (size before relaxing)
 .debug_str     0x0006cf12       0x7c ./Drivers/STM32F1xx_HAL_Driver/Src/stm32f1xx_hal_rcc_ex.o
                              0x672cb (size before relaxing)
 .debug_str     0x0006cf8e      0xda5 ./Drivers/STM32F1xx_HAL_Driver/Src/stm32f1xx_hal_tim.o
                              0x685bb (size before relaxing)
 .debug_str     0x0006dd33      0x493 ./Drivers/STM32F1xx_HAL_Driver/Src/stm32f1xx_hal_tim_ex.o
                              0x67dc7 (size before relaxing)
 .debug_str     0x0006e1c6      0x5c5 ./Drivers/STM32F1xx_HAL_Driver/Src/stm32f1xx_hal_uart.o
                              0x67c2a (size before relaxing)

.comment        0x00000000       0x43
 .comment       0x00000000       0x43 ./Core/Src/adc.o
                                 0x44 (size before relaxing)
 .comment       0x00000043       0x44 ./Core/Src/command_parser.o
 .comment       0x00000043       0x44 ./Core/Src/gpio.o
 .comment       0x00000043       0x44 ./Core/Src/main.o
 .comment       0x00000043       0x44 ./Core/Src/software_timer.o
 .comment       0x00000043       0x44 ./Core/Src/software_uart.o
 .comment       0x00000043       0x44 ./Core/Src/stm32f1xx_hal_msp.o
 .comment       0x00000043       0x44 ./Core/Src/stm32f1xx_it.o
 .comment       0x00000043       0x44 ./Core/Src/sysmem.o
 .comment       0x00000043       0x44 ./Core/Src/system_stm32f1xx.o
 .comment       0x00000043       0x44 ./Core/Src/tim.o
 .comment       0x00000043       0x44 ./Core/Src/usart.o
 .comment       0x00000043       0x44 ./Drivers/STM32F1xx_HAL_Driver/Src/stm32f1xx_hal.o
 .comment       0x00000043       0x44 ./Drivers/STM32F1xx_HAL_Driver/Src/stm32f1xx_hal_adc.o
 .comment       0x00000043       0x44 ./Drivers/STM32F1xx_HAL_Driver/Src/stm32f1xx_hal_cortex.o
 .comment       0x00000043       0x44 ./Drivers/STM32F1xx_HAL_Driver/Src/stm32f1xx_hal_dma.o
 .comment       0x00000043       0x44 ./Drivers/STM32F1xx_HAL_Driver/Src/stm32f1xx_hal_gpio.o
 .comment       0x00000043       0x44 ./Drivers/STM32F1xx_HAL_Driver/Src/stm32f1xx_hal_rcc.o
 .comment       0x00000043       0x44 ./Drivers/STM32F1xx_HAL_Driver/Src/stm32f1xx_hal_rcc_ex.o
 .comment       0x00000043       0x44 ./Drivers/STM32F1xx_HAL_Driver/Src/stm32f1xx_hal_tim.o
 .comment       0x00000043       0x44 ./Drivers/STM32F1xx_HAL_Driver/Src/stm32f1xx_hal_tim_ex.o
 .comment       0x00000043       0x44 ./Drivers/STM32F1xx_HAL_Driver/Src/stm32f1xx_hal_uart.o

.debug_frame    0x00000000     0x3df8
 .debug_frame   0x00000000       0x7c ./Core/Src/adc.o
 .debug_frame   0x0000007c       0x78 ./Core/Src/command_parser.o
 .debug_frame   0x000000f4       0x38 ./Core/Src/gpio.o
 .debug_frame   0x0000012c       0x68 ./Core/Src/main.o
 .debug_frame   0x00000194       0xa0 ./Core/Src/software_timer.o
 .debug_frame   0x00000234       0xa0 ./Core/Src/software_uart.o
 .debug_frame   0x000002d4       0x38 ./Core/Src/stm32f1xx_hal_msp.o
 .debug_frame   0x0000030c      0x13c ./Core/Src/stm32f1xx_it.o
 .debug_frame   0x00000448       0x34 ./Core/Src/sysmem.o
 .debug_frame   0x0000047c       0x58 ./Core/Src/system_stm32f1xx.o
 .debug_frame   0x000004d4       0x7c ./Core/Src/tim.o
 .debug_frame   0x00000550       0x74 ./Core/Src/usart.o
 .debug_frame   0x000005c4      0x334 ./Drivers/STM32F1xx_HAL_Driver/Src/stm32f1xx_hal.o
 .debug_frame   0x000008f8      0x40c ./Drivers/STM32F1xx_HAL_Driver/Src/stm32f1xx_hal_adc.o
 .debug_frame   0x00000d04      0x428 ./Drivers/STM32F1xx_HAL_Driver/Src/stm32f1xx_hal_cortex.o
 .debug_frame   0x0000112c      0x208 ./Drivers/STM32F1xx_HAL_Driver/Src/stm32f1xx_hal_dma.o
 .debug_frame   0x00001334      0x14c ./Drivers/STM32F1xx_HAL_Driver/Src/stm32f1xx_hal_gpio.o
 .debug_frame   0x00001480      0x218 ./Drivers/STM32F1xx_HAL_Driver/Src/stm32f1xx_hal_rcc.o
 .debug_frame   0x00001698       0x80 ./Drivers/STM32F1xx_HAL_Driver/Src/stm32f1xx_hal_rcc_ex.o
 .debug_frame   0x00001718     0x11b8 ./Drivers/STM32F1xx_HAL_Driver/Src/stm32f1xx_hal_tim.o
 .debug_frame   0x000028d0      0x638 ./Drivers/STM32F1xx_HAL_Driver/Src/stm32f1xx_hal_tim_ex.o
 .debug_frame   0x00002f08      0x944 ./Drivers/STM32F1xx_HAL_Driver/Src/stm32f1xx_hal_uart.o
 .debug_frame   0x0000384c      0x144 E:/stm32cubeide/STM32CubeIDE_1.16.0/STM32CubeIDE/plugins/com.st.stm32cube.ide.mcu.externaltools.gnu-tools-for-stm32.12.3.rel1.win32_1.0.200.202406191623/tools/bin/../lib/gcc/arm-none-eabi/12.3.1/../../../../arm-none-eabi/lib/thumb/v7-m/nofp\libc_nano.a(libc_a-findfp.o)
 .debug_frame   0x00003990       0x6c E:/stm32cubeide/STM32CubeIDE_1.16.0/STM32CubeIDE/plugins/com.st.stm32cube.ide.mcu.externaltools.gnu-tools-for-stm32.12.3.rel1.win32_1.0.200.202406191623/tools/bin/../lib/gcc/arm-none-eabi/12.3.1/../../../../arm-none-eabi/lib/thumb/v7-m/nofp\libc_nano.a(libc_a-sprintf.o)
 .debug_frame   0x000039fc       0x20 E:/stm32cubeide/STM32CubeIDE_1.16.0/STM32CubeIDE/plugins/com.st.stm32cube.ide.mcu.externaltools.gnu-tools-for-stm32.12.3.rel1.win32_1.0.200.202406191623/tools/bin/../lib/gcc/arm-none-eabi/12.3.1/../../../../arm-none-eabi/lib/thumb/v7-m/nofp\libc_nano.a(libc_a-memset.o)
 .debug_frame   0x00003a1c       0x38 E:/stm32cubeide/STM32CubeIDE_1.16.0/STM32CubeIDE/plugins/com.st.stm32cube.ide.mcu.externaltools.gnu-tools-for-stm32.12.3.rel1.win32_1.0.200.202406191623/tools/bin/../lib/gcc/arm-none-eabi/12.3.1/../../../../arm-none-eabi/lib/thumb/v7-m/nofp\libc_nano.a(libc_a-reent.o)
 .debug_frame   0x00003a54       0x20 E:/stm32cubeide/STM32CubeIDE_1.16.0/STM32CubeIDE/plugins/com.st.stm32cube.ide.mcu.externaltools.gnu-tools-for-stm32.12.3.rel1.win32_1.0.200.202406191623/tools/bin/../lib/gcc/arm-none-eabi/12.3.1/../../../../arm-none-eabi/lib/thumb/v7-m/nofp\libc_nano.a(libc_a-errno.o)
 .debug_frame   0x00003a74       0x2c E:/stm32cubeide/STM32CubeIDE_1.16.0/STM32CubeIDE/plugins/com.st.stm32cube.ide.mcu.externaltools.gnu-tools-for-stm32.12.3.rel1.win32_1.0.200.202406191623/tools/bin/../lib/gcc/arm-none-eabi/12.3.1/../../../../arm-none-eabi/lib/thumb/v7-m/nofp\libc_nano.a(libc_a-init.o)
 .debug_frame   0x00003aa0       0xb0 E:/stm32cubeide/STM32CubeIDE_1.16.0/STM32CubeIDE/plugins/com.st.stm32cube.ide.mcu.externaltools.gnu-tools-for-stm32.12.3.rel1.win32_1.0.200.202406191623/tools/bin/../lib/gcc/arm-none-eabi/12.3.1/../../../../arm-none-eabi/lib/thumb/v7-m/nofp\libc_nano.a(libc_a-lock.o)
 .debug_frame   0x00003b50       0x38 E:/stm32cubeide/STM32CubeIDE_1.16.0/STM32CubeIDE/plugins/com.st.stm32cube.ide.mcu.externaltools.gnu-tools-for-stm32.12.3.rel1.win32_1.0.200.202406191623/tools/bin/../lib/gcc/arm-none-eabi/12.3.1/../../../../arm-none-eabi/lib/thumb/v7-m/nofp\libc_nano.a(libc_a-freer.o)
 .debug_frame   0x00003b88       0x50 E:/stm32cubeide/STM32CubeIDE_1.16.0/STM32CubeIDE/plugins/com.st.stm32cube.ide.mcu.externaltools.gnu-tools-for-stm32.12.3.rel1.win32_1.0.200.202406191623/tools/bin/../lib/gcc/arm-none-eabi/12.3.1/../../../../arm-none-eabi/lib/thumb/v7-m/nofp\libc_nano.a(libc_a-mallocr.o)
 .debug_frame   0x00003bd8       0x30 E:/stm32cubeide/STM32CubeIDE_1.16.0/STM32CubeIDE/plugins/com.st.stm32cube.ide.mcu.externaltools.gnu-tools-for-stm32.12.3.rel1.win32_1.0.200.202406191623/tools/bin/../lib/gcc/arm-none-eabi/12.3.1/../../../../arm-none-eabi/lib/thumb/v7-m/nofp\libc_nano.a(libc_a-mlock.o)
 .debug_frame   0x00003c08       0x90 E:/stm32cubeide/STM32CubeIDE_1.16.0/STM32CubeIDE/plugins/com.st.stm32cube.ide.mcu.externaltools.gnu-tools-for-stm32.12.3.rel1.win32_1.0.200.202406191623/tools/bin/../lib/gcc/arm-none-eabi/12.3.1/../../../../arm-none-eabi/lib/thumb/v7-m/nofp\libc_nano.a(libc_a-nano-svfprintf.o)
 .debug_frame   0x00003c98       0x60 E:/stm32cubeide/STM32CubeIDE_1.16.0/STM32CubeIDE/plugins/com.st.stm32cube.ide.mcu.externaltools.gnu-tools-for-stm32.12.3.rel1.win32_1.0.200.202406191623/tools/bin/../lib/gcc/arm-none-eabi/12.3.1/../../../../arm-none-eabi/lib/thumb/v7-m/nofp\libc_nano.a(libc_a-nano-vfprintf_i.o)
 .debug_frame   0x00003cf8       0x28 E:/stm32cubeide/STM32CubeIDE_1.16.0/STM32CubeIDE/plugins/com.st.stm32cube.ide.mcu.externaltools.gnu-tools-for-stm32.12.3.rel1.win32_1.0.200.202406191623/tools/bin/../lib/gcc/arm-none-eabi/12.3.1/../../../../arm-none-eabi/lib/thumb/v7-m/nofp\libc_nano.a(libc_a-memmove.o)
 .debug_frame   0x00003d20       0x2c E:/stm32cubeide/STM32CubeIDE_1.16.0/STM32CubeIDE/plugins/com.st.stm32cube.ide.mcu.externaltools.gnu-tools-for-stm32.12.3.rel1.win32_1.0.200.202406191623/tools/bin/../lib/gcc/arm-none-eabi/12.3.1/../../../../arm-none-eabi/lib/thumb/v7-m/nofp\libc_nano.a(libc_a-sbrkr.o)
 .debug_frame   0x00003d4c       0x28 E:/stm32cubeide/STM32CubeIDE_1.16.0/STM32CubeIDE/plugins/com.st.stm32cube.ide.mcu.externaltools.gnu-tools-for-stm32.12.3.rel1.win32_1.0.200.202406191623/tools/bin/../lib/gcc/arm-none-eabi/12.3.1/../../../../arm-none-eabi/lib/thumb/v7-m/nofp\libc_nano.a(libc_a-memchr-stub.o)
 .debug_frame   0x00003d74       0x28 E:/stm32cubeide/STM32CubeIDE_1.16.0/STM32CubeIDE/plugins/com.st.stm32cube.ide.mcu.externaltools.gnu-tools-for-stm32.12.3.rel1.win32_1.0.200.202406191623/tools/bin/../lib/gcc/arm-none-eabi/12.3.1/../../../../arm-none-eabi/lib/thumb/v7-m/nofp\libc_nano.a(libc_a-memcpy-stub.o)
 .debug_frame   0x00003d9c       0x3c E:/stm32cubeide/STM32CubeIDE_1.16.0/STM32CubeIDE/plugins/com.st.stm32cube.ide.mcu.externaltools.gnu-tools-for-stm32.12.3.rel1.win32_1.0.200.202406191623/tools/bin/../lib/gcc/arm-none-eabi/12.3.1/../../../../arm-none-eabi/lib/thumb/v7-m/nofp\libc_nano.a(libc_a-reallocr.o)
 .debug_frame   0x00003dd8       0x20 E:/stm32cubeide/STM32CubeIDE_1.16.0/STM32CubeIDE/plugins/com.st.stm32cube.ide.mcu.externaltools.gnu-tools-for-stm32.12.3.rel1.win32_1.0.200.202406191623/tools/bin/../lib/gcc/arm-none-eabi/12.3.1/../../../../arm-none-eabi/lib/thumb/v7-m/nofp\libc_nano.a(libc_a-msizer.o)

.debug_line_str
                0x00000000       0x55
 .debug_line_str
                0x00000000       0x55 ./Core/Startup/startup_stm32f100c6tx.o
